Component: ARM Compiler 5.05 update 1 (build 106) Tool: armlink [4d0efa]

==============================================================================

Section Cross References

    main.o(i.main) refers to delay.o(i.delay_init) for delay_init
    main.o(i.main) refers to usart.o(i.uart_init) for uart_init
    main.o(i.main) refers to misc.o(i.NVIC_PriorityGroupConfig) for NVIC_PriorityGroupConfig
    main.o(i.main) refers to dac.o(i.Dac1_Init) for Dac1_Init
    main.o(i.main) refers to adc.o(i.Adc_Init) for Adc_Init
    main.o(i.main) refers to lcd.o(i.LCD_Init) for LCD_Init
    main.o(i.main) refers to gui.o(i.LCDGUI_Init) for LCDGUI_Init
    main.o(i.main) refers to key.o(i.KEY_Init) for KEY_Init
    main.o(i.main) refers to exti.o(i.EXTIX_Init) for EXTIX_Init
    main.o(i.main) refers to delay.o(i.delay_ms) for delay_ms
    main.o(i.main) refers to memcpya.o(.text) for __aeabi_memcpy4
    main.o(i.main) refers to gui.o(i.LCD_plotwave) for LCD_plotwave
    main.o(i.main) refers to main.o(.bss) for fft_outputmag
    main.o(i.main) refers to main.o(.data) for wave
    system_stm32f4xx.o(i.SystemCoreClockUpdate) refers to system_stm32f4xx.o(.data) for SystemCoreClock
    system_stm32f4xx.o(i.SystemInit) refers to system_stm32f4xx.o(i.SetSysClock) for SetSysClock
    led.o(i.LED_Init) refers to stm32f4xx_rcc.o(i.RCC_AHB1PeriphClockCmd) for RCC_AHB1PeriphClockCmd
    led.o(i.LED_Init) refers to stm32f4xx_gpio.o(i.GPIO_Init) for GPIO_Init
    led.o(i.LED_Init) refers to stm32f4xx_gpio.o(i.GPIO_SetBits) for GPIO_SetBits
    adc.o(i.Adc_Init) refers to stm32f4xx_rcc.o(i.RCC_APB1PeriphClockCmd) for RCC_APB1PeriphClockCmd
    adc.o(i.Adc_Init) refers to stm32f4xx_rcc.o(i.RCC_AHB1PeriphClockCmd) for RCC_AHB1PeriphClockCmd
    adc.o(i.Adc_Init) refers to stm32f4xx_rcc.o(i.RCC_APB2PeriphClockCmd) for RCC_APB2PeriphClockCmd
    adc.o(i.Adc_Init) refers to stm32f4xx_tim.o(i.TIM_DeInit) for TIM_DeInit
    adc.o(i.Adc_Init) refers to stm32f4xx_tim.o(i.TIM_TimeBaseStructInit) for TIM_TimeBaseStructInit
    adc.o(i.Adc_Init) refers to stm32f4xx_tim.o(i.TIM_TimeBaseInit) for TIM_TimeBaseInit
    adc.o(i.Adc_Init) refers to stm32f4xx_tim.o(i.TIM_SelectOutputTrigger) for TIM_SelectOutputTrigger
    adc.o(i.Adc_Init) refers to stm32f4xx_tim.o(i.TIM_Cmd) for TIM_Cmd
    adc.o(i.Adc_Init) refers to stm32f4xx_dma.o(i.DMA_DeInit) for DMA_DeInit
    adc.o(i.Adc_Init) refers to stm32f4xx_dma.o(i.DMA_DoubleBufferModeConfig) for DMA_DoubleBufferModeConfig
    adc.o(i.Adc_Init) refers to stm32f4xx_dma.o(i.DMA_DoubleBufferModeCmd) for DMA_DoubleBufferModeCmd
    adc.o(i.Adc_Init) refers to stm32f4xx_dma.o(i.DMA_Init) for DMA_Init
    adc.o(i.Adc_Init) refers to stm32f4xx_dma.o(i.DMA_Cmd) for DMA_Cmd
    adc.o(i.Adc_Init) refers to stm32f4xx_dma.o(i.DMA_ClearITPendingBit) for DMA_ClearITPendingBit
    adc.o(i.Adc_Init) refers to stm32f4xx_dma.o(i.DMA_ITConfig) for DMA_ITConfig
    adc.o(i.Adc_Init) refers to stm32f4xx_gpio.o(i.GPIO_Init) for GPIO_Init
    adc.o(i.Adc_Init) refers to misc.o(i.NVIC_PriorityGroupConfig) for NVIC_PriorityGroupConfig
    adc.o(i.Adc_Init) refers to misc.o(i.NVIC_Init) for NVIC_Init
    adc.o(i.Adc_Init) refers to stm32f4xx_adc.o(i.ADC_CommonInit) for ADC_CommonInit
    adc.o(i.Adc_Init) refers to stm32f4xx_adc.o(i.ADC_Init) for ADC_Init
    adc.o(i.Adc_Init) refers to stm32f4xx_adc.o(i.ADC_RegularChannelConfig) for ADC_RegularChannelConfig
    adc.o(i.Adc_Init) refers to stm32f4xx_adc.o(i.ADC_DMARequestAfterLastTransferCmd) for ADC_DMARequestAfterLastTransferCmd
    adc.o(i.Adc_Init) refers to stm32f4xx_adc.o(i.ADC_DMACmd) for ADC_DMACmd
    adc.o(i.Adc_Init) refers to stm32f4xx_adc.o(i.ADC_Cmd) for ADC_Cmd
    adc.o(i.Adc_Init) refers to main.o(.bss) for ADC_Buff0
    adc.o(i.DMA2_Stream0_IRQHandler) refers to stm32f4xx_dma.o(i.DMA_GetITStatus) for DMA_GetITStatus
    adc.o(i.DMA2_Stream0_IRQHandler) refers to stm32f4xx_dma.o(i.DMA_ClearITPendingBit) for DMA_ClearITPendingBit
    adc.o(i.DMA2_Stream0_IRQHandler) refers to stm32f4xx_dma.o(i.DMA_GetCurrentMemoryTarget) for DMA_GetCurrentMemoryTarget
    adc.o(i.DMA2_Stream0_IRQHandler) refers to dfltui.o(.text) for __aeabi_ui2d
    adc.o(i.DMA2_Stream0_IRQHandler) refers to ddiv.o(.text) for __aeabi_ddiv
    adc.o(i.DMA2_Stream0_IRQHandler) refers to d2f.o(.text) for __aeabi_d2f
    adc.o(i.DMA2_Stream0_IRQHandler) refers to fft.o(i.fft_1024) for fft_1024
    adc.o(i.DMA2_Stream0_IRQHandler) refers to fft.o(i.ifft_fliter_1024) for ifft_fliter_1024
    adc.o(i.DMA2_Stream0_IRQHandler) refers to main.o(.bss) for ADC_Buff0
    dac.o(i.Dac1_Init) refers to stm32f4xx_rcc.o(i.RCC_AHB1PeriphClockCmd) for RCC_AHB1PeriphClockCmd
    dac.o(i.Dac1_Init) refers to stm32f4xx_rcc.o(i.RCC_APB1PeriphClockCmd) for RCC_APB1PeriphClockCmd
    dac.o(i.Dac1_Init) refers to stm32f4xx_gpio.o(i.GPIO_Init) for GPIO_Init
    dac.o(i.Dac1_Init) refers to stm32f4xx_dac.o(i.DAC_StructInit) for DAC_StructInit
    dac.o(i.Dac1_Init) refers to stm32f4xx_dac.o(i.DAC_Init) for DAC_Init
[...]
    Removing stm32f4xx_usart.o(i.USART_SmartCardNACKCmd), (24 bytes).
    Removing stm32f4xx_usart.o(i.USART_StructInit), (24 bytes).
    Removing stm32f4xx_usart.o(i.USART_WakeUpConfig), (18 bytes).
    Removing stm32f4xx_dma.o(.rev16_text), (4 bytes).
    Removing stm32f4xx_dma.o(.revsh_text), (4 bytes).
    Removing stm32f4xx_dma.o(i.DMA_ClearFlag), (52 bytes).
    Removing stm32f4xx_dma.o(i.DMA_FlowControllerConfig), (22 bytes).
    Removing stm32f4xx_dma.o(i.DMA_GetCmdStatus), (20 bytes).
    Removing stm32f4xx_dma.o(i.DMA_GetCurrDataCounter), (8 bytes).
    Removing stm32f4xx_dma.o(i.DMA_GetFIFOStatus), (12 bytes).
    Removing stm32f4xx_dma.o(i.DMA_GetFlagStatus), (68 bytes).
    Removing stm32f4xx_dma.o(i.DMA_MemoryTargetConfig), (10 bytes).
    Removing stm32f4xx_dma.o(i.DMA_PeriphIncOffsetSizeConfig), (22 bytes).
    Removing stm32f4xx_dma.o(i.DMA_SetCurrDataCounter), (4 bytes).
    Removing stm32f4xx_adc.o(.rev16_text), (4 bytes).
    Removing stm32f4xx_adc.o(.revsh_text), (4 bytes).
    Removing stm32f4xx_adc.o(i.ADC_AnalogWatchdogCmd), (20 bytes).
    Removing stm32f4xx_adc.o(i.ADC_AnalogWatchdogSingleChannelConfig), (16 bytes).
    Removing stm32f4xx_adc.o(i.ADC_AnalogWatchdogThresholdsConfig), (6 bytes).
    Removing stm32f4xx_adc.o(i.ADC_AutoInjectedConvCmd), (22 bytes).
    Removing stm32f4xx_adc.o(i.ADC_ClearFlag), (6 bytes).
    Removing stm32f4xx_adc.o(i.ADC_ClearITPendingBit), (10 bytes).
    Removing stm32f4xx_adc.o(i.ADC_CommonStructInit), (12 bytes).
    Removing stm32f4xx_adc.o(i.ADC_ContinuousModeCmd), (22 bytes).
    Removing stm32f4xx_adc.o(i.ADC_DeInit), (22 bytes).
    Removing stm32f4xx_adc.o(i.ADC_DiscModeChannelCountConfig), (24 bytes).
    Removing stm32f4xx_adc.o(i.ADC_DiscModeCmd), (22 bytes).
    Removing stm32f4xx_adc.o(i.ADC_EOCOnEachRegularChannelCmd), (22 bytes).
    Removing stm32f4xx_adc.o(i.ADC_ExternalTrigInjectedConvConfig), (16 bytes).
    Removing stm32f4xx_adc.o(i.ADC_ExternalTrigInjectedConvEdgeConfig), (16 bytes).
    Removing stm32f4xx_adc.o(i.ADC_GetConversionValue), (8 bytes).
    Removing stm32f4xx_adc.o(i.ADC_GetFlagStatus), (18 bytes).
    Removing stm32f4xx_adc.o(i.ADC_GetITStatus), (38 bytes).
    Removing stm32f4xx_adc.o(i.ADC_GetInjectedConversionValue), (28 bytes).
    Removing stm32f4xx_adc.o(i.ADC_GetMultiModeConversionValue), (12 bytes).
    Removing stm32f4xx_adc.o(i.ADC_GetSoftwareStartConvStatus), (20 bytes).
    Removing stm32f4xx_adc.o(i.ADC_GetSoftwareStartInjectedConvCmdStatus), (20 bytes).
    Removing stm32f4xx_adc.o(i.ADC_ITConfig), (32 bytes).
    Removing stm32f4xx_adc.o(i.ADC_InjectedChannelConfig), (130 bytes).
    Removing stm32f4xx_adc.o(i.ADC_InjectedDiscModeCmd), (22 bytes).
    Removing stm32f4xx_adc.o(i.ADC_InjectedSequencerLengthConfig), (24 bytes).
    Removing stm32f4xx_adc.o(i.ADC_MultiModeDMARequestAfterLastTransferCmd), (44 bytes).
    Removing stm32f4xx_adc.o(i.ADC_SetInjectedOffset), (20 bytes).
    Removing stm32f4xx_adc.o(i.ADC_SoftwareStartConv), (10 bytes).
    Removing stm32f4xx_adc.o(i.ADC_SoftwareStartInjectedConv), (10 bytes).
    Removing stm32f4xx_adc.o(i.ADC_StructInit), (20 bytes).
    Removing stm32f4xx_adc.o(i.ADC_TempSensorVrefintCmd), (44 bytes).
    Removing stm32f4xx_adc.o(i.ADC_VBATCmd), (44 bytes).
    Removing stm32f4xx_tim.o(.rev16_text), (4 bytes).
    Removing stm32f4xx_tim.o(.revsh_text), (4 bytes).
    Removing stm32f4xx_tim.o(i.TI1_Config), (58 bytes).
    Removing stm32f4xx_tim.o(i.TI2_Config), (80 bytes).
    Removing stm32f4xx_tim.o(i.TI3_Config), (72 bytes).
    Removing stm32f4xx_tim.o(i.TI4_Config), (80 bytes).
    Removing stm32f4xx_tim.o(i.TIM_ARRPreloadConfig), (24 bytes).
    Removing stm32f4xx_tim.o(i.TIM_BDTRConfig), (32 bytes).
    Removing stm32f4xx_tim.o(i.TIM_BDTRStructInit), (18 bytes).
    Removing stm32f4xx_tim.o(i.TIM_CCPreloadControl), (24 bytes).
    Removing stm32f4xx_tim.o(i.TIM_CCxCmd), (30 bytes).
    Removing stm32f4xx_tim.o(i.TIM_CCxNCmd), (30 bytes).
    Removing stm32f4xx_tim.o(i.TIM_ClearFlag), (6 bytes).
    Removing stm32f4xx_tim.o(i.TIM_ClearITPendingBit), (6 bytes).
    Removing stm32f4xx_tim.o(i.TIM_ClearOC1Ref), (18 bytes).
    Removing stm32f4xx_tim.o(i.TIM_ClearOC2Ref), (24 bytes).
    Removing stm32f4xx_tim.o(i.TIM_ClearOC3Ref), (18 bytes).
    Removing stm32f4xx_tim.o(i.TIM_ClearOC4Ref), (24 bytes).
    Removing stm32f4xx_tim.o(i.TIM_CounterModeConfig), (18 bytes).
    Removing stm32f4xx_tim.o(i.TIM_CtrlPWMOutputs), (30 bytes).
    Removing stm32f4xx_tim.o(i.TIM_DMACmd), (18 bytes).
    Removing stm32f4xx_tim.o(i.TIM_DMAConfig), (10 bytes).
    Removing stm32f4xx_tim.o(i.TIM_ETRClockMode1Config), (54 bytes).
    Removing stm32f4xx_tim.o(i.TIM_ETRClockMode2Config), (32 bytes).
    Removing stm32f4xx_tim.o(i.TIM_ETRConfig), (28 bytes).
    Removing stm32f4xx_tim.o(i.TIM_EncoderInterfaceConfig), (66 bytes).
    Removing stm32f4xx_tim.o(i.TIM_ForcedOC1Config), (18 bytes).
    Removing stm32f4xx_tim.o(i.TIM_ForcedOC2Config), (26 bytes).
    Removing stm32f4xx_tim.o(i.TIM_ForcedOC3Config), (18 bytes).
    Removing stm32f4xx_tim.o(i.TIM_ForcedOC4Config), (26 bytes).
    Removing stm32f4xx_tim.o(i.TIM_GenerateEvent), (4 bytes).
    Removing stm32f4xx_tim.o(i.TIM_GetCapture1), (6 bytes).
    Removing stm32f4xx_tim.o(i.TIM_GetCapture2), (6 bytes).
    Removing stm32f4xx_tim.o(i.TIM_GetCapture3), (6 bytes).
    Removing stm32f4xx_tim.o(i.TIM_GetCapture4), (6 bytes).
    Removing stm32f4xx_tim.o(i.TIM_GetCounter), (6 bytes).
    Removing stm32f4xx_tim.o(i.TIM_GetFlagStatus), (18 bytes).
    Removing stm32f4xx_tim.o(i.TIM_GetITStatus), (34 bytes).
    Removing stm32f4xx_tim.o(i.TIM_GetPrescaler), (6 bytes).
    Removing stm32f4xx_tim.o(i.TIM_ICInit), (110 bytes).
    Removing stm32f4xx_tim.o(i.TIM_ICStructInit), (18 bytes).
    Removing stm32f4xx_tim.o(i.TIM_ITConfig), (18 bytes).
    Removing stm32f4xx_tim.o(i.TIM_ITRxExternalClockConfig), (24 bytes).
    Removing stm32f4xx_tim.o(i.TIM_InternalClockConfig), (12 bytes).
    Removing stm32f4xx_tim.o(i.TIM_OC1FastConfig), (18 bytes).
    Removing stm32f4xx_tim.o(i.TIM_OC1Init), (124 bytes).
    Removing stm32f4xx_tim.o(i.TIM_OC1NPolarityConfig), (18 bytes).
    Removing stm32f4xx_tim.o(i.TIM_OC1PolarityConfig), (18 bytes).
    Removing stm32f4xx_tim.o(i.TIM_OC1PreloadConfig), (18 bytes).
    Removing stm32f4xx_tim.o(i.TIM_OC2FastConfig), (26 bytes).
    Removing stm32f4xx_tim.o(i.TIM_OC2Init), (164 bytes).
    Removing stm32f4xx_tim.o(i.TIM_OC2NPolarityConfig), (26 bytes).
    Removing stm32f4xx_tim.o(i.TIM_OC2PolarityConfig), (26 bytes).
    Removing stm32f4xx_tim.o(i.TIM_OC2PreloadConfig), (26 bytes).
    Removing stm32f4xx_tim.o(i.TIM_OC3FastConfig), (18 bytes).
    Removing stm32f4xx_tim.o(i.TIM_OC3Init), (160 bytes).
    Removing stm32f4xx_tim.o(i.TIM_OC3NPolarityConfig), (26 bytes).
    Removing stm32f4xx_tim.o(i.TIM_OC3PolarityConfig), (26 bytes).
    Removing stm32f4xx_tim.o(i.TIM_OC3PreloadConfig), (18 bytes).
    Removing stm32f4xx_tim.o(i.TIM_OC4FastConfig), (26 bytes).
    Removing stm32f4xx_tim.o(i.TIM_OC4Init), (120 bytes).
    Removing stm32f4xx_tim.o(i.TIM_OC4PolarityConfig), (26 bytes).
    Removing stm32f4xx_tim.o(i.TIM_OC4PreloadConfig), (26 bytes).
    Removing stm32f4xx_tim.o(i.TIM_OCStructInit), (20 bytes).
    Removing stm32f4xx_tim.o(i.TIM_PWMIConfig), (124 bytes).
    Removing stm32f4xx_tim.o(i.TIM_PrescalerConfig), (6 bytes).
    Removing stm32f4xx_tim.o(i.TIM_RemapConfig), (6 bytes).
    Removing stm32f4xx_tim.o(i.TIM_SelectCCDMA), (24 bytes).
    Removing stm32f4xx_tim.o(i.TIM_SelectCOM), (24 bytes).
    Removing stm32f4xx_tim.o(i.TIM_SelectHallSensor), (24 bytes).
    Removing stm32f4xx_tim.o(i.TIM_SelectInputTrigger), (18 bytes).
    Removing stm32f4xx_tim.o(i.TIM_SelectMasterSlaveMode), (18 bytes).
    Removing stm32f4xx_tim.o(i.TIM_SelectOCxM), (86 bytes).
    Removing stm32f4xx_tim.o(i.TIM_SelectOnePulseMode), (18 bytes).
    Removing stm32f4xx_tim.o(i.TIM_SelectSlaveMode), (18 bytes).
    Removing stm32f4xx_tim.o(i.TIM_SetAutoreload), (4 bytes).
    Removing stm32f4xx_tim.o(i.TIM_SetClockDivision), (18 bytes).
    Removing stm32f4xx_tim.o(i.TIM_SetCompare1), (4 bytes).
    Removing stm32f4xx_tim.o(i.TIM_SetCompare2), (4 bytes).
    Removing stm32f4xx_tim.o(i.TIM_SetCompare3), (4 bytes).
    Removing stm32f4xx_tim.o(i.TIM_SetCompare4), (4 bytes).
    Removing stm32f4xx_tim.o(i.TIM_SetCounter), (4 bytes).
    Removing stm32f4xx_tim.o(i.TIM_SetIC1Prescaler), (18 bytes).
    Removing stm32f4xx_tim.o(i.TIM_SetIC2Prescaler), (26 bytes).
    Removing stm32f4xx_tim.o(i.TIM_SetIC3Prescaler), (18 bytes).
    Removing stm32f4xx_tim.o(i.TIM_SetIC4Prescaler), (26 bytes).
    Removing stm32f4xx_tim.o(i.TIM_TIxExternalClockConfig), (62 bytes).
    Removing stm32f4xx_tim.o(i.TIM_UpdateDisableConfig), (24 bytes).
    Removing stm32f4xx_tim.o(i.TIM_UpdateRequestConfig), (24 bytes).
    Removing stm32f4xx_dac.o(.rev16_text), (4 bytes).
    Removing stm32f4xx_dac.o(.revsh_text), (4 bytes).
    Removing stm32f4xx_dac.o(i.DAC_ClearFlag), (16 bytes).
    Removing stm32f4xx_dac.o(i.DAC_ClearITPendingBit), (16 bytes).
    Removing stm32f4xx_dac.o(i.DAC_DeInit), (22 bytes).
    Removing stm32f4xx_dac.o(i.DAC_DualSoftwareTriggerCmd), (36 bytes).
    Removing stm32f4xx_dac.o(i.DAC_GetDataOutputValue), (36 bytes).
    Removing stm32f4xx_dac.o(i.DAC_GetFlagStatus), (32 bytes).
    Removing stm32f4xx_dac.o(i.DAC_GetITStatus), (48 bytes).
    Removing stm32f4xx_dac.o(i.DAC_ITConfig), (40 bytes).
    Removing stm32f4xx_dac.o(i.DAC_SetChannel2Data), (32 bytes).
    Removing stm32f4xx_dac.o(i.DAC_SetDualChannelData), (36 bytes).
    Removing stm32f4xx_dac.o(i.DAC_SoftwareTriggerCmd), (44 bytes).
    Removing stm32f4xx_dac.o(i.DAC_WaveGenerationCmd), (40 bytes).
    Removing stm32f4xx_fsmc.o(.rev16_text), (4 bytes).
    Removing stm32f4xx_fsmc.o(.revsh_text), (4 bytes).
    Removing stm32f4xx_fsmc.o(i.FSMC_ClearFlag), (64 bytes).
    Removing stm32f4xx_fsmc.o(i.FSMC_ClearITPendingBit), (72 bytes).
    Removing stm32f4xx_fsmc.o(i.FSMC_GetECC), (28 bytes).
    Removing stm32f4xx_fsmc.o(i.FSMC_GetFlagStatus), (56 bytes).
    Removing stm32f4xx_fsmc.o(i.FSMC_GetITStatus), (68 bytes).
    Removing stm32f4xx_fsmc.o(i.FSMC_ITConfig), (128 bytes).
    Removing stm32f4xx_fsmc.o(i.FSMC_NANDCmd), (92 bytes).
    Removing stm32f4xx_fsmc.o(i.FSMC_NANDDeInit), (68 bytes).
    Removing stm32f4xx_fsmc.o(i.FSMC_NANDECCCmd), (92 bytes).
    Removing stm32f4xx_fsmc.o(i.FSMC_NANDInit), (136 bytes).
    Removing stm32f4xx_fsmc.o(i.FSMC_NANDStructInit), (54 bytes).
    Removing stm32f4xx_fsmc.o(i.FSMC_NORSRAMDeInit), (54 bytes).
    Removing stm32f4xx_fsmc.o(i.FSMC_NORSRAMStructInit), (52 bytes).
    Removing stm32f4xx_fsmc.o(i.FSMC_PCCARDCmd), (48 bytes).
    Removing stm32f4xx_fsmc.o(i.FSMC_PCCARDDeInit), (40 bytes).
    Removing stm32f4xx_fsmc.o(i.FSMC_PCCARDInit), (132 bytes).
    Removing stm32f4xx_fsmc.o(i.FSMC_PCCARDStructInit), (60 bytes).
    Removing stm32f4xx_fsmc.o(.constdata), (28 bytes).
    Removing stm32f4xx_exti.o(.rev16_text), (4 bytes).
    Removing stm32f4xx_exti.o(.revsh_text), (4 bytes).
    Removing stm32f4xx_exti.o(i.EXTI_ClearFlag), (12 bytes).
    Removing stm32f4xx_exti.o(i.EXTI_DeInit), (36 bytes).
    Removing stm32f4xx_exti.o(i.EXTI_GenerateSWInterrupt), (16 bytes).
    Removing stm32f4xx_exti.o(i.EXTI_GetFlagStatus), (24 bytes).
    Removing stm32f4xx_exti.o(i.EXTI_GetITStatus), (24 bytes).
    Removing stm32f4xx_exti.o(i.EXTI_StructInit), (16 bytes).
    Removing arm_cmplx_mag_f32.o(.rev16_text), (4 bytes).
    Removing arm_cmplx_mag_f32.o(.revsh_text), (4 bytes).
    Removing arm_cmplx_mag_f32.o(.rrx_text), (6 bytes).
    Removing arm_cfft_radix4_f32.o(.rev16_text), (4 bytes).
    Removing arm_cfft_radix4_f32.o(.revsh_text), (4 bytes).
    Removing arm_cfft_radix4_f32.o(.rrx_text), (6 bytes).
    Removing arm_cfft_radix4_init_f32.o(.rev16_text), (4 bytes).
    Removing arm_cfft_radix4_init_f32.o(.revsh_text), (4 bytes).
    Removing arm_cfft_radix4_init_f32.o(.rrx_text), (6 bytes).
    Removing arm_bitreversal.o(.rev16_text), (4 bytes).
    Removing arm_bitreversal.o(.revsh_text), (4 bytes).
    Removing arm_bitreversal.o(.rrx_text), (6 bytes).
    Removing arm_common_tables.o(.rev16_text), (4 bytes).
    Removing arm_common_tables.o(.revsh_text), (4 bytes).
    Removing arm_common_tables.o(.rrx_text), (6 bytes).
    Removing arm_common_tables.o(.constdata), (128 bytes).
    Removing arm_common_tables.o(.constdata), (256 bytes).
    Removing arm_common_tables.o(.constdata), (512 bytes).
    Removing arm_common_tables.o(.constdata), (1024 bytes).
    Removing arm_common_tables.o(.constdata), (2048 bytes).
    Removing arm_common_tables.o(.constdata), (4096 bytes).
    Removing arm_common_tables.o(.constdata), (8192 bytes).
    Removing arm_common_tables.o(.constdata), (16384 bytes).
    Removing arm_common_tables.o(.constdata), (96 bytes).
    Removing arm_common_tables.o(.constdata), (192 bytes).
    Removing arm_common_tables.o(.constdata), (384 bytes).
    Removing arm_common_tables.o(.constdata), (768 bytes).
    Removing arm_common_tables.o(.constdata), (1536 bytes).
    Removing arm_common_tables.o(.constdata), (3072 bytes).
    Removing arm_common_tables.o(.constdata), (6144 bytes).
    Removing arm_common_tables.o(.constdata), (12288 bytes).
    Removing arm_common_tables.o(.constdata), (24576 bytes).
    Removing arm_common_tables.o(.constdata), (48 bytes).
    Removing arm_common_tables.o(.constdata), (96 bytes).
    Removing arm_common_tables.o(.constdata), (192 bytes).
    Removing arm_common_tables.o(.constdata), (384 bytes).
    Removing arm_common_tables.o(.constdata), (768 bytes).
    Removing arm_common_tables.o(.constdata), (1536 bytes).
    Removing arm_common_tables.o(.constdata), (3072 bytes).
    Removing arm_common_tables.o(.constdata), (6144 bytes).
    Removing arm_common_tables.o(.constdata), (12288 bytes).
    Removing arm_common_tables.o(.constdata), (128 bytes).
    Removing arm_common_tables.o(.constdata), (256 bytes).
    Removing arm_common_tables.o(.constdata), (40 bytes).
    Removing arm_common_tables.o(.constdata), (96 bytes).
    Removing arm_common_tables.o(.constdata), (112 bytes).
    Removing arm_common_tables.o(.constdata), (416 bytes).
    Removing arm_common_tables.o(.constdata), (880 bytes).
    Removing arm_common_tables.o(.constdata), (896 bytes).
    Removing arm_common_tables.o(.constdata), (3600 bytes).
    Removing arm_common_tables.o(.constdata), (7616 bytes).
    Removing arm_common_tables.o(.constdata), (8064 bytes).
    Removing arm_common_tables.o(.constdata), (24 bytes).
    Removing arm_common_tables.o(.constdata), (48 bytes).
    Removing arm_common_tables.o(.constdata), (112 bytes).
    Removing arm_common_tables.o(.constdata), (224 bytes).
    Removing arm_common_tables.o(.constdata), (480 bytes).
    Removing arm_common_tables.o(.constdata), (960 bytes).
    Removing arm_common_tables.o(.constdata), (1984 bytes).
    Removing arm_common_tables.o(.constdata), (3968 bytes).
    Removing arm_common_tables.o(.constdata), (8064 bytes).
    Removing arm_common_tables.o(.constdata), (128 bytes).
    Removing arm_common_tables.o(.constdata), (256 bytes).
    Removing arm_common_tables.o(.constdata), (512 bytes).
    Removing arm_common_tables.o(.constdata), (1024 bytes).
    Removing arm_common_tables.o(.constdata), (2048 bytes).
    Removing arm_common_tables.o(.constdata), (4096 bytes).
    Removing arm_common_tables.o(.constdata), (8192 bytes).
    Removing arm_common_tables.o(.constdata), (16384 bytes).
    Removing arm_common_tables.o(.constdata), (2052 bytes).
    Removing arm_common_tables.o(.constdata), (2052 bytes).
    Removing arm_common_tables.o(.constdata), (1026 bytes).
    Removing dadd.o(.text), (334 bytes).
    Removing dfixul.o(.text), (48 bytes).
    Removing cdrcmple.o(.text), (48 bytes).

407 unused section(s) (total 201135 bytes) removed from the image.

==============================================================================

Image Symbol Table

    Local Symbols

    Symbol Name                              Value     Ov Type        Size  Object(Section)

    ../clib/../cmprslib/zerorunl2.c          0x00000000   Number         0  __dczerorl2.o ABSOLUTE
    ../clib/microlib/division.c              0x00000000   Number         0  uldiv.o ABSOLUTE
    ../clib/microlib/division.c              0x00000000   Number         0  uidiv.o ABSOLUTE
    ../clib/microlib/init/entry.s            0x00000000   Number         0  entry2.o ABSOLUTE
    ../clib/microlib/init/entry.s            0x00000000   Number         0  entry8b.o ABSOLUTE
    ../clib/microlib/init/entry.s            0x00000000   Number         0  entry9b.o ABSOLUTE
    ../clib/microlib/init/entry.s            0x00000000   Number         0  entry11b.o ABSOLUTE
    ../clib/microlib/init/entry.s            0x00000000   Number         0  entry8a.o ABSOLUTE
    ../clib/microlib/init/entry.s            0x00000000   Number         0  entry11a.o ABSOLUTE
    ../clib/microlib/init/entry.s            0x00000000   Number         0  entry9a.o ABSOLUTE
    ../clib/microlib/init/entry.s            0x00000000   Number         0  entry7b.o ABSOLUTE
    ../clib/microlib/init/entry.s            0x00000000   Number         0  entry10a.o ABSOLUTE
    ../clib/microlib/init/entry.s            0x00000000   Number         0  entry7a.o ABSOLUTE
    ../clib/microlib/init/entry.s            0x00000000   Number         0  entry5.o ABSOLUTE
    ../clib/microlib/init/entry.s            0x00000000   Number         0  entry10b.o ABSOLUTE
    ../clib/microlib/init/entry.s            0x00000000   Number         0  entry.o ABSOLUTE
    ../clib/microlib/longlong.c              0x00000000   Number         0  llushr.o ABSOLUTE
    ../clib/microlib/longlong.c              0x00000000   Number         0  llshl.o ABSOLUTE
    ../clib/microlib/longlong.c              0x00000000   Number         0  llsshr.o ABSOLUTE
    ../clib/microlib/printf/printf.c         0x00000000   Number         0  printf3.o ABSOLUTE
    ../clib/microlib/printf/printf.c         0x00000000   Number         0  printf5.o ABSOLUTE
    ../clib/microlib/printf/printf.c         0x00000000   Number         0  printf6.o ABSOLUTE
    ../clib/microlib/printf/printf.c         0x00000000   Number         0  printf4.o ABSOLUTE
    ../clib/microlib/printf/printf.c         0x00000000   Number         0  printf2.o ABSOLUTE
    ../clib/microlib/printf/printf.c         0x00000000   Number         0  printfa.o ABSOLUTE
    ../clib/microlib/printf/printf.c         0x00000000   Number         0  printf8.o ABSOLUTE
    ../clib/microlib/printf/printf.c         0x00000000   Number         0  printf7.o ABSOLUTE
    ../clib/microlib/printf/printf.c         0x00000000   Number         0  printfb.o ABSOLUTE
    ../clib/microlib/printf/printf.c         0x00000000   Number         0  printf0.o ABSOLUTE
    ../clib/microlib/printf/printf.c         0x00000000   Number         0  printf1.o ABSOLUTE
    ../clib/microlib/printf/stubs.s          0x00000000   Number         0  stubs.o ABSOLUTE
    ../clib/microlib/string/memcpy.c         0x00000000   Number         0  memcpya.o ABSOLUTE
    ../clib/microlib/string/memcpy.c         0x00000000   Number         0  memcpyb.o ABSOLUTE
    ../clib/microlib/stubs.s                 0x00000000   Number         0  useno.o ABSOLUTE
    ../clib/microlib/stubs.s                 0x00000000   Number         0  iusefp.o ABSOLUTE
    ../fplib/microlib/d2f.c                  0x00000000   Number         0  d2f.o ABSOLUTE
    ../fplib/microlib/fpadd.c                0x00000000   Number         0  dadd.o ABSOLUTE
    ../fplib/microlib/fpdiv.c                0x00000000   Number         0  ddiv.o ABSOLUTE
    ../fplib/microlib/fpepilogue.c           0x00000000   Number         0  depilogue.o ABSOLUTE
    ../fplib/microlib/fpepilogue.c           0x00000000   Number         0  fepilogue.o ABSOLUTE
    ../fplib/microlib/fpfix.c                0x00000000   Number         0  dfixui.o ABSOLUTE
    ../fplib/microlib/fpfix.c                0x00000000   Number         0  dfixul.o ABSOLUTE
    ../fplib/microlib/fpflt.c                0x00000000   Number         0  dfltui.o ABSOLUTE
    ../fplib/microlib/fpmul.c                0x00000000   Number         0  dmul.o ABSOLUTE
    ..\..\Source\CommonTables\arm_common_tables.c 0x00000000   Number         0  arm_common_tables.o ABSOLUTE
    ..\..\Source\ComplexMathFunctions\arm_cmplx_mag_f32.c 0x00000000   Number         0  arm_cmplx_mag_f32.o ABSOLUTE
    ..\..\Source\TransformFunctions\arm_bitreversal.c 0x00000000   Number         0  arm_bitreversal.o ABSOLUTE
    ..\..\Source\TransformFunctions\arm_cfft_radix4_f32.c 0x00000000   Number         0  arm_cfft_radix4_f32.o ABSOLUTE
    ..\..\Source\TransformFunctions\arm_cfft_radix4_init_f32.c 0x00000000   Number         0  arm_cfft_radix4_init_f32.o ABSOLUTE
    ..\CORE\startup_stm32f40_41xxx.s         0x00000000   Number         0  startup_stm32f40_41xxx.o ABSOLUTE
    ..\DSP_LIB\FFT\fft.c                     0x00000000   Number         0  fft.o ABSOLUTE
    ..\FWLIB\src\misc.c                      0x00000000   Number         0  misc.o ABSOLUTE
    ..\FWLIB\src\stm32f4xx_adc.c             0x00000000   Number         0  stm32f4xx_adc.o ABSOLUTE
    ..\FWLIB\src\stm32f4xx_dac.c             0x00000000   Number         0  stm32f4xx_dac.o ABSOLUTE
    ..\FWLIB\src\stm32f4xx_dma.c             0x00000000   Number         0  stm32f4xx_dma.o ABSOLUTE
    ..\FWLIB\src\stm32f4xx_exti.c            0x00000000   Number         0  stm32f4xx_exti.o ABSOLUTE
    ..\FWLIB\src\stm32f4xx_fsmc.c            0x00000000   Number         0  stm32f4xx_fsmc.o ABSOLUTE
    ..\FWLIB\src\stm32f4xx_gpio.c            0x00000000   Number         0  stm32f4xx_gpio.o ABSOLUTE
    ..\FWLIB\src\stm32f4xx_rcc.c             0x00000000   Number         0  stm32f4xx_rcc.o ABSOLUTE
    ..\FWLIB\src\stm32f4xx_syscfg.c          0x00000000   Number         0  stm32f4xx_syscfg.o ABSOLUTE
    ..\FWLIB\src\stm32f4xx_tim.c             0x00000000   Number         0  stm32f4xx_tim.o ABSOLUTE
    ..\FWLIB\src\stm32f4xx_usart.c           0x00000000   Number         0  stm32f4xx_usart.o ABSOLUTE
    ..\HARDWARE\ADC\adc.c                    0x00000000   Number         0  adc.o ABSOLUTE
    ..\HARDWARE\DAC\dac.c                    0x00000000   Number         0  dac.o ABSOLUTE
    ..\HARDWARE\EXTI\exti.c                  0x00000000   Number         0  exti.o ABSOLUTE
    ..\HARDWARE\GUI\gui.c                    0x00000000   Number         0  gui.o ABSOLUTE
    ..\HARDWARE\KEY\key.c                    0x00000000   Number         0  key.o ABSOLUTE
    ..\HARDWARE\LCD\lcd.c                    0x00000000   Number         0  lcd.o ABSOLUTE
    ..\HARDWARE\LED\led.c                    0x00000000   Number         0  led.o ABSOLUTE
    ..\SYSTEM\delay\delay.c                  0x00000000   Number         0  delay.o ABSOLUTE
    ..\SYSTEM\sys\sys.c                      0x00000000   Number         0  sys.o ABSOLUTE
    ..\SYSTEM\usart\usart.c                  0x00000000   Number         0  usart.o ABSOLUTE
    ..\\..\\Source\\CommonTables\\arm_common_tables.c 0x00000000   Number         0  arm_common_tables.o ABSOLUTE
    ..\\..\\Source\\ComplexMathFunctions\\arm_cmplx_mag_f32.c 0x00000000   Number         0  arm_cmplx_mag_f32.o ABSOLUTE
    ..\\..\\Source\\TransformFunctions\\arm_bitreversal.c 0x00000000   Number         0  arm_bitreversal.o ABSOLUTE
    ..\\..\\Source\\TransformFunctions\\arm_cfft_radix4_f32.c 0x00000000   Number         0  arm_cfft_radix4_f32.o ABSOLUTE
    ..\\..\\Source\\TransformFunctions\\arm_cfft_radix4_init_f32.c 0x00000000   Number         0  arm_cfft_radix4_init_f32.o ABSOLUTE
    ..\\DSP_LIB\\FFT\\fft.c                  0x00000000   Number         0  fft.o ABSOLUTE
    ..\\FWLIB\\src\\misc.c                   0x00000000   Number         0  misc.o ABSOLUTE
    ..\\FWLIB\\src\\stm32f4xx_adc.c          0x00000000   Number         0  stm32f4xx_adc.o ABSOLUTE
    ..\\FWLIB\\src\\stm32f4xx_dac.c          0x00000000   Number         0  stm32f4xx_dac.o ABSOLUTE
    ..\\FWLIB\\src\\stm32f4xx_dma.c          0x00000000   Number         0  stm32f4xx_dma.o ABSOLUTE
    ..\\FWLIB\\src\\stm32f4xx_exti.c         0x00000000   Number         0  stm32f4xx_exti.o ABSOLUTE
    ..\\FWLIB\\src\\stm32f4xx_fsmc.c         0x00000000   Number         0  stm32f4xx_fsmc.o ABSOLUTE
    ..\\FWLIB\\src\\stm32f4xx_gpio.c         0x00000000   Number         0  stm32f4xx_gpio.o ABSOLUTE
    ..\\FWLIB\\src\\stm32f4xx_rcc.c          0x00000000   Number         0  stm32f4xx_rcc.o ABSOLUTE
    ..\\FWLIB\\src\\stm32f4xx_syscfg.c       0x00000000   Number         0  stm32f4xx_syscfg.o ABSOLUTE
    ..\\FWLIB\\src\\stm32f4xx_tim.c          0x00000000   Number         0  stm32f4xx_tim.o ABSOLUTE
    ..\\FWLIB\\src\\stm32f4xx_usart.c        0x00000000   Number         0  stm32f4xx_usart.o ABSOLUTE
    ..\\HARDWARE\\ADC\\adc.c                 0x00000000   Number         0  adc.o ABSOLUTE
    ..\\HARDWARE\\DAC\\dac.c                 0x00000000   Number         0  dac.o ABSOLUTE
    ..\\HARDWARE\\EXTI\\exti.c               0x00000000   Number         0  exti.o ABSOLUTE
    ..\\HARDWARE\\GUI\\gui.c                 0x00000000   Number         0  gui.o ABSOLUTE
    ..\\HARDWARE\\KEY\\key.c                 0x00000000   Number         0  key.o ABSOLUTE
    ..\\HARDWARE\\LCD\\lcd.c                 0x00000000   Number         0  lcd.o ABSOLUTE
    ..\\HARDWARE\\LED\\led.c                 0x00000000   Number         0  led.o ABSOLUTE
    ..\\SYSTEM\\delay\\delay.c               0x00000000   Number         0  delay.o ABSOLUTE
    ..\\SYSTEM\\sys\\sys.c                   0x00000000   Number         0  sys.o ABSOLUTE
    ..\\SYSTEM\\usart\\usart.c               0x00000000   Number         0  usart.o ABSOLUTE
    cdrcmple.s                               0x00000000   Number         0  cdrcmple.o ABSOLUTE
    dc.s                                     0x00000000   Number         0  dc.o ABSOLUTE
    handlers.s                               0x00000000   Number         0  handlers.o ABSOLUTE
    init.s                                   0x00000000   Number         0  init.o ABSOLUTE
    main.c                                   0x00000000   Number         0  main.o ABSOLUTE
    main.c                                   0x00000000   Number         0  main.o ABSOLUTE
    stm32f4xx_it.c                           0x00000000   Number         0  stm32f4xx_it.o ABSOLUTE
    stm32f4xx_it.c                           0x00000000   Number         0  stm32f4xx_it.o ABSOLUTE
    system_stm32f4xx.c                       0x00000000   Number         0  system_stm32f4xx.o ABSOLUTE
    system_stm32f4xx.c                       0x00000000   Number         0  system_stm32f4xx.o ABSOLUTE
    RESET                                    0x08000000   Section      392  startup_stm32f40_41xxx.o(RESET)
    .ARM.Collect$$$$00000000                 0x08000188   Section        0  entry.o(.ARM.Collect$$$$00000000)
    .ARM.Collect$$$$00000001                 0x08000188   Section        4  entry2.o(.ARM.Collect$$$$00000001)
    .ARM.Collect$$$$00000004                 0x0800018c   Section        4  entry5.o(.ARM.Collect$$$$00000004)
    .ARM.Collect$$$$00000008                 0x08000190   Section        0  entry7b.o(.ARM.Collect$$$$00000008)
    .ARM.Collect$$$$0000000A                 0x08000190   Section        0  entry8b.o(.ARM.Collect$$$$0000000A)
    .ARM.Collect$$$$0000000B                 0x08000190   Section        8  entry9a.o(.ARM.Collect$$$$0000000B)
    .ARM.Collect$$$$0000000D                 0x08000198   Section        0  entry10a.o(.ARM.Collect$$$$0000000D)
    .ARM.Collect$$$$0000000F                 0x08000198   Section        0  entry11a.o(.ARM.Collect$$$$0000000F)
    .ARM.Collect$$$$00002712                 0x08000198   Section        4  entry2.o(.ARM.Collect$$$$00002712)
    __lit__00000000                          0x08000198   Data           4  entry2.o(.ARM.Collect$$$$00002712)
    .text                                    0x0800019c   Section       36  startup_stm32f40_41xxx.o(.text)
    $v0                                      0x0800019c   Number         0  startup_stm32f40_41xxx.o(.text)
    .text                                    0x080001c0   Section        0  arm_cmplx_mag_f32.o(.text)
    .text                                    0x080002bc   Section        0  arm_cfft_radix4_f32.o(.text)
    .text                                    0x0800095c   Section        0  arm_cfft_radix4_init_f32.o(.text)
    .text                                    0x08000a1c   Section        0  arm_bitreversal.o(.text)
    .text                                    0x08000bf2   Section        0  memcpya.o(.text)
    .text                                    0x08000c16   Section        0  dmul.o(.text)
    .text                                    0x08000cfa   Section        0  ddiv.o(.text)
    .text                                    0x08000dd8   Section        0  dfltui.o(.text)
    .text                                    0x08000df2   Section        0  dfixui.o(.text)
    .text                                    0x08000e24   Section        0  d2f.o(.text)
    .text                                    0x08000e5c   Section        0  uldiv.o(.text)
    .text                                    0x08000ebe   Section        0  llushr.o(.text)
    .text                                    0x08000ede   Section        0  iusefp.o(.text)
    .text                                    0x08000ede   Section        0  fepilogue.o(.text)
    .text                                    0x08000f4c   Section        0  depilogue.o(.text)
    .text                                    0x08001008   Section       36  init.o(.text)
    .text                                    0x0800102c   Section        0  llshl.o(.text)
    .text                                    0x0800104a   Section        0  __dczerorl2.o(.text)
    i.ADC_Cmd                                0x080010a0   Section        0  stm32f4xx_adc.o(i.ADC_Cmd)
    i.ADC_CommonInit                         0x080010b8   Section        0  stm32f4xx_adc.o(i.ADC_CommonInit)
    i.ADC_DMACmd                             0x080010e8   Section        0  stm32f4xx_adc.o(i.ADC_DMACmd)
    i.ADC_DMARequestAfterLastTransferCmd     0x080010fe   Section        0  stm32f4xx_adc.o(i.ADC_DMARequestAfterLastTransferCmd)
    i.ADC_Init                               0x08001114   Section        0  stm32f4xx_adc.o(i.ADC_Init)
    i.ADC_RegularChannelConfig               0x08001168   Section        0  stm32f4xx_adc.o(i.ADC_RegularChannelConfig)
    i.Adc_Init                               0x08001220   Section        0  adc.o(i.Adc_Init)
    i.BusFault_Handler                       0x080013c4   Section        0  stm32f4xx_it.o(i.BusFault_Handler)
    i.DAC_Cmd                                0x080013c8   Section        0  stm32f4xx_dac.o(i.DAC_Cmd)
    i.DAC_DMACmd                             0x080013f0   Section        0  stm32f4xx_dac.o(i.DAC_DMACmd)
    i.DAC_Init                               0x0800141c   Section        0  stm32f4xx_dac.o(i.DAC_Init)
    i.DAC_SetChannel1Data                    0x08001450   Section        0  stm32f4xx_dac.o(i.DAC_SetChannel1Data)
    i.DAC_StructInit                         0x08001470   Section        0  stm32f4xx_dac.o(i.DAC_StructInit)
    i.DMA2_Stream0_IRQHandler                0x0800147c   Section        0  adc.o(i.DMA2_Stream0_IRQHandler)
    i.DMA_ClearITPendingBit                  0x080015bc   Section        0  stm32f4xx_dma.o(i.DMA_ClearITPendingBit)
    i.DMA_Cmd                                0x080015f0   Section        0  stm32f4xx_dma.o(i.DMA_Cmd)
    i.DMA_DeInit                             0x08001608   Section        0  stm32f4xx_dma.o(i.DMA_DeInit)
    i.DMA_DoubleBufferModeCmd                0x08001760   Section        0  stm32f4xx_dma.o(i.DMA_DoubleBufferModeCmd)
    i.DMA_DoubleBufferModeConfig             0x08001776   Section        0  stm32f4xx_dma.o(i.DMA_DoubleBufferModeConfig)
    i.DMA_GetCurrentMemoryTarget             0x0800178e   Section        0  stm32f4xx_dma.o(i.DMA_GetCurrentMemoryTarget)
    i.DMA_GetITStatus                        0x080017a4   Section        0  stm32f4xx_dma.o(i.DMA_GetITStatus)
    i.DMA_ITConfig                           0x08001808   Section        0  stm32f4xx_dma.o(i.DMA_ITConfig)
    i.DMA_Init                               0x08001844   Section        0  stm32f4xx_dma.o(i.DMA_Init)
    i.DMA_StructInit                         0x0800189c   Section        0  stm32f4xx_dma.o(i.DMA_StructInit)
    i.Dac1_Init                              0x080018c0   Section        0  dac.o(i.Dac1_Init)
    i.DebugMon_Handler                       0x080019c0   Section        0  stm32f4xx_it.o(i.DebugMon_Handler)
    i.EXTI2_IRQHandler                       0x080019c4   Section        0  exti.o(i.EXTI2_IRQHandler)
    i.EXTI3_IRQHandler                       0x080019fc   Section        0  exti.o(i.EXTI3_IRQHandler)
    i.EXTI4_IRQHandler                       0x08001a30   Section        0  exti.o(i.EXTI4_IRQHandler)
    i.EXTIX_Init                             0x08001a7c   Section        0  exti.o(i.EXTIX_Init)
    i.EXTI_ClearITPendingBit                 0x08001b58   Section        0  stm32f4xx_exti.o(i.EXTI_ClearITPendingBit)
    i.EXTI_Init                              0x08001b64   Section        0  stm32f4xx_exti.o(i.EXTI_Init)
    i.FSMC_NORSRAMCmd                        0x08001bf8   Section        0  stm32f4xx_fsmc.o(i.FSMC_NORSRAMCmd)
    i.FSMC_NORSRAMInit                       0x08001c2c   Section        0  stm32f4xx_fsmc.o(i.FSMC_NORSRAMInit)
    i.GPIO_Init                              0x08001d12   Section        0  stm32f4xx_gpio.o(i.GPIO_Init)
    i.GPIO_PinAFConfig                       0x08001da2   Section        0  stm32f4xx_gpio.o(i.GPIO_PinAFConfig)
    i.GPIO_ReadInputDataBit                  0x08001de8   Section        0  stm32f4xx_gpio.o(i.GPIO_ReadInputDataBit)
    i.HardFault_Handler                      0x08001dfa   Section        0  stm32f4xx_it.o(i.HardFault_Handler)
    i.KEY_Init                               0x08001e00   Section        0  key.o(i.KEY_Init)
    i.LCDGUI_Init                            0x08001e44   Section        0  gui.o(i.LCDGUI_Init)
    i.LCD_Clear                              0x08001e60   Section        0  lcd.o(i.LCD_Clear)
    i.LCD_Display_Dir                        0x08001ecc   Section        0  lcd.o(i.LCD_Display_Dir)
    i.LCD_DrawLine                           0x0800208c   Section        0  lcd.o(i.LCD_DrawLine)
    i.LCD_DrawLine_Color                     0x0800213c   Section        0  lcd.o(i.LCD_DrawLine_Color)
    i.LCD_DrawPoint                          0x08002170   Section        0  lcd.o(i.LCD_DrawPoint)
    i.LCD_Init                               0x08002194   Section        0  lcd.o(i.LCD_Init)
    i.LCD_RD_DATA                            0x08005b04   Section        0  lcd.o(i.LCD_RD_DATA)
    i.LCD_ReadReg                            0x08005b18   Section        0  lcd.o(i.LCD_ReadReg)
    i.LCD_SSD_BackLightSet                   0x08005b30   Section        0  lcd.o(i.LCD_SSD_BackLightSet)
    i.LCD_Scan_Dir                           0x08005b90   Section        0  lcd.o(i.LCD_Scan_Dir)
    i.LCD_SetCursor                          0x08005e7c   Section        0  lcd.o(i.LCD_SetCursor)
    i.LCD_WR_DATA                            0x08006024   Section        0  lcd.o(i.LCD_WR_DATA)
    i.LCD_WR_REG                             0x0800603c   Section        0  lcd.o(i.LCD_WR_REG)
    i.LCD_WriteRAM_Prepare                   0x08006054   Section        0  lcd.o(i.LCD_WriteRAM_Prepare)
    i.LCD_WriteReg                           0x08006068   Section        0  lcd.o(i.LCD_WriteReg)
    i.LCD_clcwave                            0x0800607c   Section        0  gui.o(i.LCD_clcwave)
    i.LCD_plotgrid                           0x08006098   Section        0  gui.o(i.LCD_plotgrid)
    i.LCD_plotwave                           0x080060c4   Section        0  gui.o(i.LCD_plotwave)
    i.LCD_plotzhou                           0x0800613c   Section        0  gui.o(i.LCD_plotzhou)
    i.MemManage_Handler                      0x080061b4   Section        0  stm32f4xx_it.o(i.MemManage_Handler)
    i.NMI_Handler                            0x080061b8   Section        0  stm32f4xx_it.o(i.NMI_Handler)
    i.NVIC_Init                              0x080061bc   Section        0  misc.o(i.NVIC_Init)
    i.NVIC_PriorityGroupConfig               0x08006234   Section        0  misc.o(i.NVIC_PriorityGroupConfig)
    i.PendSV_Handler                         0x08006248   Section        0  stm32f4xx_it.o(i.PendSV_Handler)
    i.RCC_AHB1PeriphClockCmd                 0x0800624c   Section        0  stm32f4xx_rcc.o(i.RCC_AHB1PeriphClockCmd)
    i.RCC_AHB3PeriphClockCmd                 0x0800626c   Section        0  stm32f4xx_rcc.o(i.RCC_AHB3PeriphClockCmd)
    i.RCC_APB1PeriphClockCmd                 0x0800628c   Section        0  stm32f4xx_rcc.o(i.RCC_APB1PeriphClockCmd)
    i.RCC_APB1PeriphResetCmd                 0x080062ac   Section        0  stm32f4xx_rcc.o(i.RCC_APB1PeriphResetCmd)
    i.RCC_APB2PeriphClockCmd                 0x080062cc   Section        0  stm32f4xx_rcc.o(i.RCC_APB2PeriphClockCmd)
    i.RCC_APB2PeriphResetCmd                 0x080062ec   Section        0  stm32f4xx_rcc.o(i.RCC_APB2PeriphResetCmd)
    i.RCC_GetClocksFreq                      0x0800630c   Section        0  stm32f4xx_rcc.o(i.RCC_GetClocksFreq)
    i.SVC_Handler                            0x080063f4   Section        0  stm32f4xx_it.o(i.SVC_Handler)
    i.SYSCFG_EXTILineConfig                  0x080063f8   Section        0  stm32f4xx_syscfg.o(i.SYSCFG_EXTILineConfig)
    i.SetSysClock                            0x08006438   Section        0  system_stm32f4xx.o(i.SetSysClock)
    SetSysClock                              0x08006439   Thumb Code   220  system_stm32f4xx.o(i.SetSysClock)
    i.SysTick_CLKSourceConfig                0x08006524   Section        0  misc.o(i.SysTick_CLKSourceConfig)
    i.SysTick_Handler                        0x0800654c   Section        0  stm32f4xx_it.o(i.SysTick_Handler)
    i.SystemInit                             0x08006550   Section        0  system_stm32f4xx.o(i.SystemInit)
    i.TIM_Cmd                                0x080065b8   Section        0  stm32f4xx_tim.o(i.TIM_Cmd)
    i.TIM_DeInit                             0x080065d0   Section        0  stm32f4xx_tim.o(i.TIM_DeInit)
    i.TIM_SelectOutputTrigger                0x08006760   Section        0  stm32f4xx_tim.o(i.TIM_SelectOutputTrigger)
    i.TIM_TimeBaseInit                       0x08006774   Section        0  stm32f4xx_tim.o(i.TIM_TimeBaseInit)
    i.TIM_TimeBaseStructInit                 0x080067f8   Section        0  stm32f4xx_tim.o(i.TIM_TimeBaseStructInit)
    i.USART1_IRQHandler                      0x0800680c   Section        0  usart.o(i.USART1_IRQHandler)
    i.USART_Cmd                              0x08006894   Section        0  stm32f4xx_usart.o(i.USART_Cmd)
    i.USART_GetITStatus                      0x080068ac   Section        0  stm32f4xx_usart.o(i.USART_GetITStatus)
    i.USART_ITConfig                         0x08006900   Section        0  stm32f4xx_usart.o(i.USART_ITConfig)
    i.USART_Init                             0x0800694c   Section        0  stm32f4xx_usart.o(i.USART_Init)
    i.USART_ReceiveData                      0x08006a20   Section        0  stm32f4xx_usart.o(i.USART_ReceiveData)
    i.UsageFault_Handler                     0x08006a2a   Section        0  stm32f4xx_it.o(i.UsageFault_Handler)
    i.__0printf$5                            0x08006a30   Section        0  printf5.o(i.__0printf$5)
    i.__scatterload_copy                     0x08006a50   Section       14  handlers.o(i.__scatterload_copy)
    i.__scatterload_null                     0x08006a5e   Section        2  handlers.o(i.__scatterload_null)
    i.__scatterload_zeroinit                 0x08006a60   Section       14  handlers.o(i.__scatterload_zeroinit)
    i._printf_core                           0x08006a70   Section        0  printf5.o(i._printf_core)
    _printf_core                             0x08006a71   Thumb Code   658  printf5.o(i._printf_core)
    i.delay_init                             0x08006d30   Section        0  delay.o(i.delay_init)
    i.delay_ms                               0x08006d6c   Section        0  delay.o(i.delay_ms)
    i.delay_us                               0x08006da4   Section        0  delay.o(i.delay_us)
    i.delay_xms                              0x08006df0   Section        0  delay.o(i.delay_xms)
    i.fft_1024                               0x08006e3c   Section        0  fft.o(i.fft_1024)
    i.findmax                                0x08006e9c   Section        0  fft.o(i.findmax)
    i.fputc                                  0x08006ee0   Section        0  usart.o(i.fputc)
    i.ifft_fliter_1024                       0x08006efc   Section        0  fft.o(i.ifft_fliter_1024)
    i.main                                   0x080071e4   Section        0  main.o(i.main)
    i.uart_init                              0x0800728c   Section        0  usart.o(i.uart_init)
    .constdata                               0x08007338   Section     2048  arm_common_tables.o(.constdata)
    .constdata                               0x08007b38   Section    32768  arm_common_tables.o(.constdata)
    .data                                    0x20000000   Section      514  main.o(.data)
    .data                                    0x20000202   Section        4  lcd.o(.data)
    .data                                    0x20000206   Section        4  delay.o(.data)
    fac_us                                   0x20000206   Data           1  delay.o(.data)
    fac_ms                                   0x20000208   Data           2  delay.o(.data)
    .data                                    0x2000020c   Section        6  usart.o(.data)
    .data                                    0x20000212   Section       16  stm32f4xx_rcc.o(.data)
    APBAHBPrescTable                         0x20000212   Data          16  stm32f4xx_rcc.o(.data)
    .bss                                     0x20000224   Section    32768  main.o(.bss)
    .bss                                     0x20008224   Section       14  lcd.o(.bss)
    .bss                                     0x20008232   Section      200  usart.o(.bss)
    STACK                                    0x20008300   Section     1024  startup_stm32f40_41xxx.o(STACK)

    Global Symbols

    Symbol Name                              Value     Ov Type        Size  Object(Section)

    BuildAttributes$$THM_ISAv4$E$P$D$K$B$S$7EM$VFPi3$EXTD16$VFPS$VFMA$PE$A:L22UL41UL21$X:L11$S22US41US21$IEEE1$IW$USESV6$~STKCKD$USESV7$~SHL$OTIME$ROPI$IEEEX$EBA8$MICROLIB$REQ8$PRES8$EABIv2 0x00000000   Number         0  anon$$obj.o ABSOLUTE
    __ARM_use_no_argv                        0x00000000   Number         0  main.o ABSOLUTE
    __use_no_errno                           0x00000000   Number         0  useno.o ABSOLUTE
    __use_no_exception_handling              0x00000000   Number         0  useno.o ABSOLUTE
    __use_no_fp                              0x00000000   Number         0  useno.o ABSOLUTE
    __use_no_heap                            0x00000000   Number         0  useno.o ABSOLUTE
    __use_no_heap_region                     0x00000000   Number         0  useno.o ABSOLUTE
    __use_no_semihosting                     0x00000000   Number         0  useno.o ABSOLUTE
    __use_no_semihosting_swi                 0x00000000   Number         0  useno.o ABSOLUTE
    __use_no_signal_handling                 0x00000000   Number         0  useno.o ABSOLUTE
    _printf_a                                0x00000000   Number         0  stubs.o ABSOLUTE
    _printf_c                                0x00000000   Number         0  stubs.o ABSOLUTE
    _printf_charcount                        0x00000000   Number         0  stubs.o ABSOLUTE
    _printf_d                                0x00000000   Number         0  stubs.o ABSOLUTE
    _printf_e                                0x00000000   Number         0  stubs.o ABSOLUTE
    _printf_f                                0x00000000   Number         0  stubs.o ABSOLUTE
    _printf_flags                            0x00000000   Number         0  stubs.o ABSOLUTE
    _printf_fp_dec                           0x00000000   Number         0  stubs.o ABSOLUTE
    _printf_fp_hex                           0x00000000   Number         0  stubs.o ABSOLUTE
    _printf_g                                0x00000000   Number         0  stubs.o ABSOLUTE
    _printf_i                                0x00000000   Number         0  stubs.o ABSOLUTE
    _printf_int_dec                          0x00000000   Number         0  stubs.o ABSOLUTE
    _printf_l                                0x00000000   Number         0  stubs.o ABSOLUTE
    _printf_lc                               0x00000000   Number         0  stubs.o ABSOLUTE
    _printf_ll                               0x00000000   Number         0  stubs.o ABSOLUTE
    _printf_lld                              0x00000000   Number         0  stubs.o ABSOLUTE
    _printf_lli                              0x00000000   Number         0  stubs.o ABSOLUTE
    _printf_llo                              0x00000000   Number         0  stubs.o ABSOLUTE
    _printf_llu                              0x00000000   Number         0  stubs.o ABSOLUTE
    _printf_llx                              0x00000000   Number         0  stubs.o ABSOLUTE
    _printf_longlong_dec                     0x00000000   Number         0  stubs.o ABSOLUTE
    _printf_longlong_hex                     0x00000000   Number         0  stubs.o ABSOLUTE
    _printf_longlong_oct                     0x00000000   Number         0  stubs.o ABSOLUTE
    _printf_ls                               0x00000000   Number         0  stubs.o ABSOLUTE
    _printf_mbtowc                           0x00000000   Number         0  stubs.o ABSOLUTE
    _printf_n                                0x00000000   Number         0  stubs.o ABSOLUTE
    _printf_o                                0x00000000   Number         0  stubs.o ABSOLUTE
    _printf_p                                0x00000000   Number         0  stubs.o ABSOLUTE
    _printf_percent                          0x00000000   Number         0  stubs.o ABSOLUTE
    _printf_pre_padding                      0x00000000   Number         0  stubs.o ABSOLUTE
    _printf_return_value                     0x00000000   Number         0  stubs.o ABSOLUTE
    _printf_s                                0x00000000   Number         0  stubs.o ABSOLUTE
    _printf_sizespec                         0x00000000   Number         0  stubs.o ABSOLUTE
    _printf_str                              0x00000000   Number         0  stubs.o ABSOLUTE
    _printf_truncate_signed                  0x00000000   Number         0  stubs.o ABSOLUTE
    _printf_truncate_unsigned                0x00000000   Number         0  stubs.o ABSOLUTE
    _printf_u                                0x00000000   Number         0  stubs.o ABSOLUTE
    _printf_wc                               0x00000000   Number         0  stubs.o ABSOLUTE
    _printf_wctomb                           0x00000000   Number         0  stubs.o ABSOLUTE
    _printf_widthprec                        0x00000000   Number         0  stubs.o ABSOLUTE
    _printf_x                                0x00000000   Number         0  stubs.o ABSOLUTE
    __cpp_initialize__aeabi_                  - Undefined Weak Reference
    __cxa_finalize                            - Undefined Weak Reference
    _clock_init                               - Undefined Weak Reference
    _microlib_exit                            - Undefined Weak Reference
    __Vectors_Size                           0x00000188   Number         0  startup_stm32f40_41xxx.o ABSOLUTE
    __Vectors                                0x08000000   Data           4  startup_stm32f40_41xxx.o(RESET)
    __Vectors_End                            0x08000188   Data           0  startup_stm32f40_41xxx.o(RESET)
    __main                                   0x08000189   Thumb Code     0  entry.o(.ARM.Collect$$$$00000000)
    _main_stk                                0x08000189   Thumb Code     0  entry2.o(.ARM.Collect$$$$00000001)
    _main_scatterload                        0x0800018d   Thumb Code     0  entry5.o(.ARM.Collect$$$$00000004)
    __main_after_scatterload                 0x08000191   Thumb Code     0  entry5.o(.ARM.Collect$$$$00000004)
    _main_clock                              0x08000191   Thumb Code     0  entry7b.o(.ARM.Collect$$$$00000008)
    _main_cpp_init                           0x08000191   Thumb Code     0  entry8b.o(.ARM.Collect$$$$0000000A)
    _main_init                               0x08000191   Thumb Code     0  entry9a.o(.ARM.Collect$$$$0000000B)
    __rt_final_cpp                           0x08000199   Thumb Code     0  entry10a.o(.ARM.Collect$$$$0000000D)
    __rt_final_exit                          0x08000199   Thumb Code     0  entry11a.o(.ARM.Collect$$$$0000000F)
    Reset_Handler                            0x0800019d   Thumb Code     8  startup_stm32f40_41xxx.o(.text)
    ADC_IRQHandler                           0x080001b7   Thumb Code     0  startup_stm32f40_41xxx.o(.text)
    CAN1_RX0_IRQHandler                      0x080001b7   Thumb Code     0  startup_stm32f40_41xxx.o(.text)
    CAN1_RX1_IRQHandler                      0x080001b7   Thumb Code     0  startup_stm32f40_41xxx.o(.text)
    CAN1_SCE_IRQHandler                      0x080001b7   Thumb Code     0  startup_stm32f40_41xxx.o(.text)
    CAN1_TX_IRQHandler                       0x080001b7   Thumb Code     0  startup_stm32f40_41xxx.o(.text)
    CAN2_RX0_IRQHandler                      0x080001b7   Thumb Code     0  startup_stm32f40_41xxx.o(.text)
    CAN2_RX1_IRQHandler                      0x080001b7   Thumb Code     0  startup_stm32f40_41xxx.o(.text)
    CAN2_SCE_IRQHandler                      0x080001b7   Thumb Code     0  startup_stm32f40_41xxx.o(.text)
    CAN2_TX_IRQHandler                       0x080001b7   Thumb Code     0  startup_stm32f40_41xxx.o(.text)
    CRYP_IRQHandler                          0x080001b7   Thumb Code     0  startup_stm32f40_41xxx.o(.text)
    DCMI_IRQHandler                          0x080001b7   Thumb Code     0  startup_stm32f40_41xxx.o(.text)
    DMA1_Stream0_IRQHandler                  0x080001b7   Thumb Code     0  startup_stm32f40_41xxx.o(.text)
    DMA1_Stream1_IRQHandler                  0x080001b7   Thumb Code     0  startup_stm32f40_41xxx.o(.text)
    DMA1_Stream2_IRQHandler                  0x080001b7   Thumb Code     0  startup_stm32f40_41xxx.o(.text)
    DMA1_Stream3_IRQHandler                  0x080001b7   Thumb Code     0  startup_stm32f40_41xxx.o(.text)
    DMA1_Stream4_IRQHandler                  0x080001b7   Thumb Code     0  startup_stm32f40_41xxx.o(.text)
    DMA1_Stream5_IRQHandler                  0x080001b7   Thumb Code     0  startup_stm32f40_41xxx.o(.text)
    DMA1_Stream6_IRQHandler                  0x080001b7   Thumb Code     0  startup_stm32f40_41xxx.o(.text)
    DMA1_Stream7_IRQHandler                  0x080001b7   Thumb Code     0  startup_stm32f40_41xxx.o(.text)
    DMA2_Stream1_IRQHandler                  0x080001b7   Thumb Code     0  startup_stm32f40_41xxx.o(.text)
    DMA2_Stream2_IRQHandler                  0x080001b7   Thumb Code     0  startup_stm32f40_41xxx.o(.text)
    DMA2_Stream3_IRQHandler                  0x080001b7   Thumb Code     0  startup_stm32f40_41xxx.o(.text)
    DMA2_Stream4_IRQHandler                  0x080001b7   Thumb Code     0  startup_stm32f40_41xxx.o(.text)
    DMA2_Stream5_IRQHandler                  0x080001b7   Thumb Code     0  startup_stm32f40_41xxx.o(.text)
    DMA2_Stream6_IRQHandler                  0x080001b7   Thumb Code     0  startup_stm32f40_41xxx.o(.text)
    DMA2_Stream7_IRQHandler                  0x080001b7   Thumb Code     0  startup_stm32f40_41xxx.o(.text)
    ETH_IRQHandler                           0x080001b7   Thumb Code     0  startup_stm32f40_41xxx.o(.text)
    ETH_WKUP_IRQHandler                      0x080001b7   Thumb Code     0  startup_stm32f40_41xxx.o(.text)
    EXTI0_IRQHandler                         0x080001b7   Thumb Code     0  startup_stm32f40_41xxx.o(.text)
    EXTI15_10_IRQHandler                     0x080001b7   Thumb Code     0  startup_stm32f40_41xxx.o(.text)
    EXTI1_IRQHandler                         0x080001b7   Thumb Code     0  startup_stm32f40_41xxx.o(.text)
    EXTI9_5_IRQHandler                       0x080001b7   Thumb Code     0  startup_stm32f40_41xxx.o(.text)
    FLASH_IRQHandler                         0x080001b7   Thumb Code     0  startup_stm32f40_41xxx.o(.text)
    FPU_IRQHandler                           0x080001b7   Thumb Code     0  startup_stm32f40_41xxx.o(.text)
    FSMC_IRQHandler                          0x080001b7   Thumb Code     0  startup_stm32f40_41xxx.o(.text)
    HASH_RNG_IRQHandler                      0x080001b7   Thumb Code     0  startup_stm32f40_41xxx.o(.text)
    I2C1_ER_IRQHandler                       0x080001b7   Thumb Code     0  startup_stm32f40_41xxx.o(.text)
    I2C1_EV_IRQHandler                       0x080001b7   Thumb Code     0  startup_stm32f40_41xxx.o(.text)
    I2C2_ER_IRQHandler                       0x080001b7   Thumb Code     0  startup_stm32f40_41xxx.o(.text)
    I2C2_EV_IRQHandler                       0x080001b7   Thumb Code     0  startup_stm32f40_41xxx.o(.text)
    I2C3_ER_IRQHandler                       0x080001b7   Thumb Code     0  startup_stm32f40_41xxx.o(.text)
    I2C3_EV_IRQHandler                       0x080001b7   Thumb Code     0  startup_stm32f40_41xxx.o(.text)
    OTG_FS_IRQHandler                        0x080001b7   Thumb Code     0  startup_stm32f40_41xxx.o(.text)
    OTG_FS_WKUP_IRQHandler                   0x080001b7   Thumb Code     0  startup_stm32f40_41xxx.o(.text)
    OTG_HS_EP1_IN_IRQHandler                 0x080001b7   Thumb Code     0  startup_stm32f40_41xxx.o(.text)
    OTG_HS_EP1_OUT_IRQHandler                0x080001b7   Thumb Code     0  startup_stm32f40_41xxx.o(.text)
    OTG_HS_IRQHandler                        0x080001b7   Thumb Code     0  startup_stm32f40_41xxx.o(.text)
    OTG_HS_WKUP_IRQHandler                   0x080001b7   Thumb Code     0  startup_stm32f40_41xxx.o(.text)
    PVD_IRQHandler                           0x080001b7   Thumb Code     0  startup_stm32f40_41xxx.o(.text)
    RCC_IRQHandler                           0x080001b7   Thumb Code     0  startup_stm32f40_41xxx.o(.text)
    RTC_Alarm_IRQHandler                     0x080001b7   Thumb Code     0  startup_stm32f40_41xxx.o(.text)
    RTC_WKUP_IRQHandler                      0x080001b7   Thumb Code     0  startup_stm32f40_41xxx.o(.text)
    SDIO_IRQHandler                          0x080001b7   Thumb Code     0  startup_stm32f40_41xxx.o(.text)
    SPI1_IRQHandler                          0x080001b7   Thumb Code     0  startup_stm32f40_41xxx.o(.text)
    SPI2_IRQHandler                          0x080001b7   Thumb Code     0  startup_stm32f40_41xxx.o(.text)
    SPI3_IRQHandler                          0x080001b7   Thumb Code     0  startup_stm32f40_41xxx.o(.text)
    TAMP_STAMP_IRQHandler                    0x080001b7   Thumb Code     0  startup_stm32f40_41xxx.o(.text)
    TIM1_BRK_TIM9_IRQHandler                 0x080001b7   Thumb Code     0  startup_stm32f40_41xxx.o(.text)
    TIM1_CC_IRQHandler                       0x080001b7   Thumb Code     0  startup_stm32f40_41xxx.o(.text)
    TIM1_TRG_COM_TIM11_IRQHandler            0x080001b7   Thumb Code     0  startup_stm32f40_41xxx.o(.text)
    TIM1_UP_TIM10_IRQHandler                 0x080001b7   Thumb Code     0  startup_stm32f40_41xxx.o(.text)
    TIM2_IRQHandler                          0x080001b7   Thumb Code     0  startup_stm32f40_41xxx.o(.text)
    TIM3_IRQHandler                          0x080001b7   Thumb Code     0  startup_stm32f40_41xxx.o(.text)
    TIM4_IRQHandler                          0x080001b7   Thumb Code     0  startup_stm32f40_41xxx.o(.text)
    TIM5_IRQHandler                          0x080001b7   Thumb Code     0  startup_stm32f40_41xxx.o(.text)
    TIM6_DAC_IRQHandler                      0x080001b7   Thumb Code     0  startup_stm32f40_41xxx.o(.text)
    TIM7_IRQHandler                          0x080001b7   Thumb Code     0  startup_stm32f40_41xxx.o(.text)
    TIM8_BRK_TIM12_IRQHandler                0x080001b7   Thumb Code     0  startup_stm32f40_41xxx.o(.text)
    TIM8_CC_IRQHandler                       0x080001b7   Thumb Code     0  startup_stm32f40_41xxx.o(.text)
    TIM8_TRG_COM_TIM14_IRQHandler            0x080001b7   Thumb Code     0  startup_stm32f40_41xxx.o(.text)
    TIM8_UP_TIM13_IRQHandler                 0x080001b7   Thumb Code     0  startup_stm32f40_41xxx.o(.text)
    UART4_IRQHandler                         0x080001b7   Thumb Code     0  startup_stm32f40_41xxx.o(.text)
    UART5_IRQHandler                         0x080001b7   Thumb Code     0  startup_stm32f40_41xxx.o(.text)
    USART2_IRQHandler                        0x080001b7   Thumb Code     0  startup_stm32f40_41xxx.o(.text)
    USART3_IRQHandler                        0x080001b7   Thumb Code     0  startup_stm32f40_41xxx.o(.text)
    USART6_IRQHandler                        0x080001b7   Thumb Code     0  startup_stm32f40_41xxx.o(.text)
    WWDG_IRQHandler                          0x080001b7   Thumb Code     0  startup_stm32f40_41xxx.o(.text)
    arm_cmplx_mag_f32                        0x080001c1   Thumb Code   246  arm_cmplx_mag_f32.o(.text)
    arm_radix4_butterfly_f32                 0x080002bd   Thumb Code   800  arm_cfft_radix4_f32.o(.text)
    arm_radix4_butterfly_inverse_f32         0x080005dd   Thumb Code   836  arm_cfft_radix4_f32.o(.text)
    arm_cfft_radix4_f32                      0x08000921   Thumb Code    60  arm_cfft_radix4_f32.o(.text)
    arm_cfft_radix4_init_f32                 0x0800095d   Thumb Code   146  arm_cfft_radix4_init_f32.o(.text)
    arm_bitreversal_f32                      0x08000a1d   Thumb Code   178  arm_bitreversal.o(.text)
    arm_bitreversal_q31                      0x08000acf   Thumb Code   170  arm_bitreversal.o(.text)
    arm_bitreversal_q15                      0x08000b79   Thumb Code   122  arm_bitreversal.o(.text)
    __aeabi_memcpy                           0x08000bf3   Thumb Code    36  memcpya.o(.text)
    __aeabi_memcpy4                          0x08000bf3   Thumb Code     0  memcpya.o(.text)
    __aeabi_memcpy8                          0x08000bf3   Thumb Code     0  memcpya.o(.text)
    __aeabi_dmul                             0x08000c17   Thumb Code   228  dmul.o(.text)
    __aeabi_ddiv                             0x08000cfb   Thumb Code   222  ddiv.o(.text)
    __aeabi_ui2d                             0x08000dd9   Thumb Code    26  dfltui.o(.text)
    __aeabi_d2uiz                            0x08000df3   Thumb Code    50  dfixui.o(.text)
    __aeabi_d2f                              0x08000e25   Thumb Code    56  d2f.o(.text)
    __aeabi_uldivmod                         0x08000e5d   Thumb Code    98  uldiv.o(.text)
    __aeabi_llsr                             0x08000ebf   Thumb Code    32  llushr.o(.text)
    _ll_ushift_r                             0x08000ebf   Thumb Code     0  llushr.o(.text)
    __I$use$fp                               0x08000edf   Thumb Code     0  iusefp.o(.text)
    _float_round                             0x08000edf   Thumb Code    18  fepilogue.o(.text)
    _float_epilogue                          0x08000ef1   Thumb Code    92  fepilogue.o(.text)
    _double_round                            0x08000f4d   Thumb Code    30  depilogue.o(.text)
    _double_epilogue                         0x08000f6b   Thumb Code   156  depilogue.o(.text)
    __scatterload                            0x08001009   Thumb Code    28  init.o(.text)
    __scatterload_rt2                        0x08001009   Thumb Code     0  init.o(.text)
    __aeabi_llsl                             0x0800102d   Thumb Code    30  llshl.o(.text)
    _ll_shift_l                              0x0800102d   Thumb Code     0  llshl.o(.text)
    __decompress                             0x0800104b   Thumb Code     0  __dczerorl2.o(.text)
    __decompress1                            0x0800104b   Thumb Code    86  __dczerorl2.o(.text)
    ADC_Cmd                                  0x080010a1   Thumb Code    22  stm32f4xx_adc.o(i.ADC_Cmd)
    ADC_CommonInit                           0x080010b9   Thumb Code    34  stm32f4xx_adc.o(i.ADC_CommonInit)
    ADC_DMACmd                               0x080010e9   Thumb Code    22  stm32f4xx_adc.o(i.ADC_DMACmd)
    ADC_DMARequestAfterLastTransferCmd       0x080010ff   Thumb Code    22  stm32f4xx_adc.o(i.ADC_DMARequestAfterLastTransferCmd)
    ADC_Init                                 0x08001115   Thumb Code    74  stm32f4xx_adc.o(i.ADC_Init)
    ADC_RegularChannelConfig                 0x08001169   Thumb Code   184  stm32f4xx_adc.o(i.ADC_RegularChannelConfig)
    Adc_Init                                 0x08001221   Thumb Code   398  adc.o(i.Adc_Init)
    BusFault_Handler                         0x080013c5   Thumb Code     4  stm32f4xx_it.o(i.BusFault_Handler)
    DAC_Cmd                                  0x080013c9   Thumb Code    34  stm32f4xx_dac.o(i.DAC_Cmd)
    DAC_DMACmd                               0x080013f1   Thumb Code    38  stm32f4xx_dac.o(i.DAC_DMACmd)
    DAC_Init                                 0x0800141d   Thumb Code    46  stm32f4xx_dac.o(i.DAC_Init)
    DAC_SetChannel1Data                      0x08001451   Thumb Code    26  stm32f4xx_dac.o(i.DAC_SetChannel1Data)
    DAC_StructInit                           0x08001471   Thumb Code    12  stm32f4xx_dac.o(i.DAC_StructInit)
    DMA2_Stream0_IRQHandler                  0x0800147d   Thumb Code   270  adc.o(i.DMA2_Stream0_IRQHandler)
    DMA_ClearITPendingBit                    0x080015bd   Thumb Code    38  stm32f4xx_dma.o(i.DMA_ClearITPendingBit)
    DMA_Cmd                                  0x080015f1   Thumb Code    22  stm32f4xx_dma.o(i.DMA_Cmd)
    DMA_DeInit                               0x08001609   Thumb Code   324  stm32f4xx_dma.o(i.DMA_DeInit)
    DMA_DoubleBufferModeCmd                  0x08001761   Thumb Code    22  stm32f4xx_dma.o(i.DMA_DoubleBufferModeCmd)
    DMA_DoubleBufferModeConfig               0x08001777   Thumb Code    24  stm32f4xx_dma.o(i.DMA_DoubleBufferModeConfig)
    DMA_GetCurrentMemoryTarget               0x0800178f   Thumb Code    20  stm32f4xx_dma.o(i.DMA_GetCurrentMemoryTarget)
    DMA_GetITStatus                          0x080017a5   Thumb Code    82  stm32f4xx_dma.o(i.DMA_GetITStatus)
    DMA_ITConfig                             0x08001809   Thumb Code    58  stm32f4xx_dma.o(i.DMA_ITConfig)
    DMA_Init                                 0x08001845   Thumb Code    82  stm32f4xx_dma.o(i.DMA_Init)
    DMA_StructInit                           0x0800189d   Thumb Code    34  stm32f4xx_dma.o(i.DMA_StructInit)
    Dac1_Init                                0x080018c1   Thumb Code   234  dac.o(i.Dac1_Init)
    DebugMon_Handler                         0x080019c1   Thumb Code     2  stm32f4xx_it.o(i.DebugMon_Handler)
    EXTI2_IRQHandler                         0x080019c5   Thumb Code    46  exti.o(i.EXTI2_IRQHandler)
    EXTI3_IRQHandler                         0x080019fd   Thumb Code    42  exti.o(i.EXTI3_IRQHandler)
    EXTI4_IRQHandler                         0x08001a31   Thumb Code    62  exti.o(i.EXTI4_IRQHandler)
    EXTIX_Init                               0x08001a7d   Thumb Code   220  exti.o(i.EXTIX_Init)
    EXTI_ClearITPendingBit                   0x08001b59   Thumb Code     6  stm32f4xx_exti.o(i.EXTI_ClearITPendingBit)
    EXTI_Init                                0x08001b65   Thumb Code   142  stm32f4xx_exti.o(i.EXTI_Init)
    FSMC_NORSRAMCmd                          0x08001bf9   Thumb Code    46  stm32f4xx_fsmc.o(i.FSMC_NORSRAMCmd)
    FSMC_NORSRAMInit                         0x08001c2d   Thumb Code   230  stm32f4xx_fsmc.o(i.FSMC_NORSRAMInit)
    GPIO_Init                                0x08001d13   Thumb Code   144  stm32f4xx_gpio.o(i.GPIO_Init)
    GPIO_PinAFConfig                         0x08001da3   Thumb Code    70  stm32f4xx_gpio.o(i.GPIO_PinAFConfig)
    GPIO_ReadInputDataBit                    0x08001de9   Thumb Code    18  stm32f4xx_gpio.o(i.GPIO_ReadInputDataBit)
    HardFault_Handler                        0x08001dfb   Thumb Code     4  stm32f4xx_it.o(i.HardFault_Handler)
    KEY_Init                                 0x08001e01   Thumb Code    60  key.o(i.KEY_Init)
    LCDGUI_Init                              0x08001e45   Thumb Code    22  gui.o(i.LCDGUI_Init)
    LCD_Clear                                0x08001e61   Thumb Code   100  lcd.o(i.LCD_Clear)
    LCD_Display_Dir                          0x08001ecd   Thumb Code   444  lcd.o(i.LCD_Display_Dir)
    LCD_DrawLine                             0x0800208d   Thumb Code   176  lcd.o(i.LCD_DrawLine)
    LCD_DrawLine_Color                       0x0800213d   Thumb Code    48  lcd.o(i.LCD_DrawLine_Color)
    LCD_DrawPoint                            0x08002171   Thumb Code    28  lcd.o(i.LCD_DrawPoint)
    LCD_Init                                 0x08002195   Thumb Code 14696  lcd.o(i.LCD_Init)
    LCD_RD_DATA                              0x08005b05   Thumb Code    14  lcd.o(i.LCD_RD_DATA)
    LCD_ReadReg                              0x08005b19   Thumb Code    22  lcd.o(i.LCD_ReadReg)
    LCD_SSD_BackLightSet                     0x08005b31   Thumb Code    88  lcd.o(i.LCD_SSD_BackLightSet)
    LCD_Scan_Dir                             0x08005b91   Thumb Code   744  lcd.o(i.LCD_Scan_Dir)
    LCD_SetCursor                            0x08005e7d   Thumb Code   418  lcd.o(i.LCD_SetCursor)
    LCD_WR_DATA                              0x08006025   Thumb Code    18  lcd.o(i.LCD_WR_DATA)
    LCD_WR_REG                               0x0800603d   Thumb Code    18  lcd.o(i.LCD_WR_REG)
    LCD_WriteRAM_Prepare                     0x08006055   Thumb Code    10  lcd.o(i.LCD_WriteRAM_Prepare)
    LCD_WriteReg                             0x08006069   Thumb Code    14  lcd.o(i.LCD_WriteReg)
    LCD_clcwave                              0x0800607d   Thumb Code    26  gui.o(i.LCD_clcwave)
    LCD_plotgrid                             0x08006099   Thumb Code    26  gui.o(i.LCD_plotgrid)
    LCD_plotwave                             0x080060c5   Thumb Code   116  gui.o(i.LCD_plotwave)
    LCD_plotzhou                             0x0800613d   Thumb Code   120  gui.o(i.LCD_plotzhou)
    MemManage_Handler                        0x080061b5   Thumb Code     4  stm32f4xx_it.o(i.MemManage_Handler)
    NMI_Handler                              0x080061b9   Thumb Code     2  stm32f4xx_it.o(i.NMI_Handler)
    NVIC_Init                                0x080061bd   Thumb Code   106  misc.o(i.NVIC_Init)
    NVIC_PriorityGroupConfig                 0x08006235   Thumb Code    10  misc.o(i.NVIC_PriorityGroupConfig)
    PendSV_Handler                           0x08006249   Thumb Code     2  stm32f4xx_it.o(i.PendSV_Handler)
    RCC_AHB1PeriphClockCmd                   0x0800624d   Thumb Code    26  stm32f4xx_rcc.o(i.RCC_AHB1PeriphClockCmd)
    RCC_AHB3PeriphClockCmd                   0x0800626d   Thumb Code    26  stm32f4xx_rcc.o(i.RCC_AHB3PeriphClockCmd)
    RCC_APB1PeriphClockCmd                   0x0800628d   Thumb Code    26  stm32f4xx_rcc.o(i.RCC_APB1PeriphClockCmd)
    RCC_APB1PeriphResetCmd                   0x080062ad   Thumb Code    26  stm32f4xx_rcc.o(i.RCC_APB1PeriphResetCmd)
    RCC_APB2PeriphClockCmd                   0x080062cd   Thumb Code    26  stm32f4xx_rcc.o(i.RCC_APB2PeriphClockCmd)
    RCC_APB2PeriphResetCmd                   0x080062ed   Thumb Code    26  stm32f4xx_rcc.o(i.RCC_APB2PeriphResetCmd)
    RCC_GetClocksFreq                        0x0800630d   Thumb Code   214  stm32f4xx_rcc.o(i.RCC_GetClocksFreq)
    SVC_Handler                              0x080063f5   Thumb Code     2  stm32f4xx_it.o(i.SVC_Handler)
    SYSCFG_EXTILineConfig                    0x080063f9   Thumb Code    60  stm32f4xx_syscfg.o(i.SYSCFG_EXTILineConfig)
    SysTick_CLKSourceConfig                  0x08006525   Thumb Code    40  misc.o(i.SysTick_CLKSourceConfig)
    SysTick_Handler                          0x0800654d   Thumb Code     2  stm32f4xx_it.o(i.SysTick_Handler)
    SystemInit                               0x08006551   Thumb Code    88  system_stm32f4xx.o(i.SystemInit)
    TIM_Cmd                                  0x080065b9   Thumb Code    24  stm32f4xx_tim.o(i.TIM_Cmd)
    TIM_DeInit                               0x080065d1   Thumb Code   346  stm32f4xx_tim.o(i.TIM_DeInit)
    TIM_SelectOutputTrigger                  0x08006761   Thumb Code    18  stm32f4xx_tim.o(i.TIM_SelectOutputTrigger)
    TIM_TimeBaseInit                         0x08006775   Thumb Code   104  stm32f4xx_tim.o(i.TIM_TimeBaseInit)
    TIM_TimeBaseStructInit                   0x080067f9   Thumb Code    18  stm32f4xx_tim.o(i.TIM_TimeBaseStructInit)
    USART1_IRQHandler                        0x0800680d   Thumb Code   122  usart.o(i.USART1_IRQHandler)
    USART_Cmd                                0x08006895   Thumb Code    24  stm32f4xx_usart.o(i.USART_Cmd)
    USART_GetITStatus                        0x080068ad   Thumb Code    84  stm32f4xx_usart.o(i.USART_GetITStatus)
    USART_ITConfig                           0x08006901   Thumb Code    74  stm32f4xx_usart.o(i.USART_ITConfig)
    USART_Init                               0x0800694d   Thumb Code   204  stm32f4xx_usart.o(i.USART_Init)
    USART_ReceiveData                        0x08006a21   Thumb Code    10  stm32f4xx_usart.o(i.USART_ReceiveData)
    UsageFault_Handler                       0x08006a2b   Thumb Code     4  stm32f4xx_it.o(i.UsageFault_Handler)
    __0printf$5                              0x08006a31   Thumb Code    22  printf5.o(i.__0printf$5)
    __1printf$5                              0x08006a31   Thumb Code     0  printf5.o(i.__0printf$5)
    __2printf                                0x08006a31   Thumb Code     0  printf5.o(i.__0printf$5)
    __scatterload_copy                       0x08006a51   Thumb Code    14  handlers.o(i.__scatterload_copy)
    __scatterload_null                       0x08006a5f   Thumb Code     2  handlers.o(i.__scatterload_null)
    __scatterload_zeroinit                   0x08006a61   Thumb Code    14  handlers.o(i.__scatterload_zeroinit)
    delay_init                               0x08006d31   Thumb Code    52  delay.o(i.delay_init)
    delay_ms                                 0x08006d6d   Thumb Code    56  delay.o(i.delay_ms)
    delay_us                                 0x08006da5   Thumb Code    72  delay.o(i.delay_us)
    delay_xms                                0x08006df1   Thumb Code    72  delay.o(i.delay_xms)
    fft_1024                                 0x08006e3d   Thumb Code    92  fft.o(i.fft_1024)
    findmax                                  0x08006e9d   Thumb Code    64  fft.o(i.findmax)
    fputc                                    0x08006ee1   Thumb Code    22  usart.o(i.fputc)
    ifft_fliter_1024                         0x08006efd   Thumb Code   720  fft.o(i.ifft_fliter_1024)
    main                                     0x080071e5   Thumb Code   148  main.o(i.main)
    uart_init                                0x0800728d   Thumb Code   164  usart.o(i.uart_init)
    armBitRevTable                           0x08007338   Data        2048  arm_common_tables.o(.constdata)
    twiddleCoef_4096                         0x08007b38   Data       32768  arm_common_tables.o(.constdata)
    Region$$Table$$Base                      0x0800fb38   Number         0  anon$$obj.o(Region$$Table)
    Region$$Table$$Limit                     0x0800fb58   Number         0  anon$$obj.o(Region$$Table)
    fliter_switch                            0x20000000   Data           2  main.o(.data)
    wave                                     0x20000002   Data         512  main.o(.data)
    POINT_COLOR                              0x20000202   Data           2  lcd.o(.data)
    BACK_COLOR                               0x20000204   Data           2  lcd.o(.data)
    __stdout                                 0x2000020c   Data           4  usart.o(.data)
    USART_RX_STA                             0x20000210   Data           2  usart.o(.data)
    ADC_Buff0                                0x20000224   Data        2048  main.o(.bss)
    ADC_Buff1                                0x20000a24   Data        2048  main.o(.bss)
    dacwave_buff0                            0x20001224   Data        2048  main.o(.bss)
    dacwave_buff1                            0x20001a24   Data        2048  main.o(.bss)
    samples                                  0x20002224   Data        4096  main.o(.bss)
    fft_outputbuff                           0x20003224   Data        8192  main.o(.bss)
    fft_outputmag                            0x20005224   Data        4096  main.o(.bss)
    fft_inputbuff                            0x20006224   Data        4096  main.o(.bss)
    dsp_signal                               0x20007224   Data        4096  main.o(.bss)
    lcddev                                   0x20008224   Data          14  lcd.o(.bss)
    USART_RX_BUF                             0x20008232   Data         200  usart.o(.bss)
    __initial_sp                             0x20008700   Data           0  startup_stm32f40_41xxx.o(STACK)



==============================================================================

Memory Map of the image

  Image Entry point : 0x08000189

  Load Region LR_IROM1 (Base: 0x08000000, Size: 0x0000fd7c, Max: 0x00100000, ABSOLUTE, COMPRESSED[0x0000fd08])

    Execution Region ER_IROM1 (Base: 0x08000000, Size: 0x0000fb58, Max: 0x00100000, ABSOLUTE)

    Base Addr    Size         Type   Attr      Idx    E Section Name        Object

    0x08000000   0x00000188   Data   RO          890    RESET               startup_stm32f40_41xxx.o
    0x08000188   0x00000000   Code   RO         3063  * .ARM.Collect$$$$00000000  mc_w.l(entry.o)
    0x08000188   0x00000004   Code   RO         3341    .ARM.Collect$$$$00000001  mc_w.l(entry2.o)
    0x0800018c   0x00000004   Code   RO         3344    .ARM.Collect$$$$00000004  mc_w.l(entry5.o)
    0x08000190   0x00000000   Code   RO         3346    .ARM.Collect$$$$00000008  mc_w.l(entry7b.o)
    0x08000190   0x00000000   Code   RO         3348    .ARM.Collect$$$$0000000A  mc_w.l(entry8b.o)
    0x08000190   0x00000008   Code   RO         3349    .ARM.Collect$$$$0000000B  mc_w.l(entry9a.o)
    0x08000198   0x00000000   Code   RO         3351    .ARM.Collect$$$$0000000D  mc_w.l(entry10a.o)
    0x08000198   0x00000000   Code   RO         3353    .ARM.Collect$$$$0000000F  mc_w.l(entry11a.o)
    0x08000198   0x00000004   Code   RO         3342    .ARM.Collect$$$$00002712  mc_w.l(entry2.o)
    0x0800019c   0x00000024   Code   RO          891    .text               startup_stm32f40_41xxx.o
    0x080001c0   0x000000fc   Code   RO         2859    .text               arm_cortexM4lf_math.lib(arm_cmplx_mag_f32.o)
    0x080002bc   0x000006a0   Code   RO         2905    .text               arm_cortexM4lf_math.lib(arm_cfft_radix4_f32.o)
    0x0800095c   0x000000c0   Code   RO         2932    .text               arm_cortexM4lf_math.lib(arm_cfft_radix4_init_f32.o)
    0x08000a1c   0x000001d6   Code   RO         2960    .text               arm_cortexM4lf_math.lib(arm_bitreversal.o)
    0x08000bf2   0x00000024   Code   RO         3066    .text               mc_w.l(memcpya.o)
    0x08000c16   0x000000e4   Code   RO         3331    .text               mf_w.l(dmul.o)
    0x08000cfa   0x000000de   Code   RO         3333    .text               mf_w.l(ddiv.o)
    0x08000dd8   0x0000001a   Code   RO         3335    .text               mf_w.l(dfltui.o)
    0x08000df2   0x00000032   Code   RO         3337    .text               mf_w.l(dfixui.o)
    0x08000e24   0x00000038   Code   RO         3339    .text               mf_w.l(d2f.o)
    0x08000e5c   0x00000062   Code   RO         3357    .text               mc_w.l(uldiv.o)
    0x08000ebe   0x00000020   Code   RO         3359    .text               mc_w.l(llushr.o)
    0x08000ede   0x00000000   Code   RO         3361    .text               mc_w.l(iusefp.o)
    0x08000ede   0x0000006e   Code   RO         3362    .text               mf_w.l(fepilogue.o)
    0x08000f4c   0x000000ba   Code   RO         3364    .text               mf_w.l(depilogue.o)
    0x08001006   0x00000002   PAD
    0x08001008   0x00000024   Code   RO         3372    .text               mc_w.l(init.o)
    0x0800102c   0x0000001e   Code   RO         3374    .text               mc_w.l(llshl.o)
    0x0800104a   0x00000056   Code   RO         3386    .text               mc_w.l(__dczerorl2.o)
    0x080010a0   0x00000016   Code   RO         1751    i.ADC_Cmd           stm32f4xx_adc.o
    0x080010b6   0x00000002   PAD
    0x080010b8   0x00000030   Code   RO         1752    i.ADC_CommonInit    stm32f4xx_adc.o
    0x080010e8   0x00000016   Code   RO         1755    i.ADC_DMACmd        stm32f4xx_adc.o
    0x080010fe   0x00000016   Code   RO         1756    i.ADC_DMARequestAfterLastTransferCmd  stm32f4xx_adc.o
    0x08001114   0x00000054   Code   RO         1771    i.ADC_Init          stm32f4xx_adc.o
    0x08001168   0x000000b8   Code   RO         1776    i.ADC_RegularChannelConfig  stm32f4xx_adc.o
    0x08001220   0x000001a4   Code   RO          343    i.Adc_Init          adc.o
    0x080013c4   0x00000004   Code   RO          189    i.BusFault_Handler  stm32f4xx_it.o
    0x080013c8   0x00000028   Code   RO         2551    i.DAC_Cmd           stm32f4xx_dac.o
    0x080013f0   0x0000002c   Code   RO         2552    i.DAC_DMACmd        stm32f4xx_dac.o
    0x0800141c   0x00000034   Code   RO         2559    i.DAC_Init          stm32f4xx_dac.o
    0x08001450   0x00000020   Code   RO         2560    i.DAC_SetChannel1Data  stm32f4xx_dac.o
    0x08001470   0x0000000c   Code   RO         2564    i.DAC_StructInit    stm32f4xx_dac.o
    0x0800147c   0x00000140   Code   RO          344    i.DMA2_Stream0_IRQHandler  adc.o
    0x080015bc   0x00000034   Code   RO         1618    i.DMA_ClearITPendingBit  stm32f4xx_dma.o
    0x080015f0   0x00000016   Code   RO         1619    i.DMA_Cmd           stm32f4xx_dma.o
    0x08001606   0x00000002   PAD
    0x08001608   0x00000158   Code   RO         1620    i.DMA_DeInit        stm32f4xx_dma.o
    0x08001760   0x00000016   Code   RO         1621    i.DMA_DoubleBufferModeCmd  stm32f4xx_dma.o
    0x08001776   0x00000018   Code   RO         1622    i.DMA_DoubleBufferModeConfig  stm32f4xx_dma.o
    0x0800178e   0x00000014   Code   RO         1626    i.DMA_GetCurrentMemoryTarget  stm32f4xx_dma.o
    0x080017a2   0x00000002   PAD
    0x080017a4   0x00000064   Code   RO         1629    i.DMA_GetITStatus   stm32f4xx_dma.o
    0x08001808   0x0000003a   Code   RO         1630    i.DMA_ITConfig      stm32f4xx_dma.o
    0x08001842   0x00000002   PAD
    0x08001844   0x00000058   Code   RO         1631    i.DMA_Init          stm32f4xx_dma.o
    0x0800189c   0x00000022   Code   RO         1635    i.DMA_StructInit    stm32f4xx_dma.o
    0x080018be   0x00000002   PAD
    0x080018c0   0x00000100   Code   RO          370    i.Dac1_Init         dac.o
    0x080019c0   0x00000002   Code   RO          190    i.DebugMon_Handler  stm32f4xx_it.o
    0x080019c2   0x00000002   PAD
    0x080019c4   0x00000038   Code   RO          677    i.EXTI2_IRQHandler  exti.o
    0x080019fc   0x00000034   Code   RO          678    i.EXTI3_IRQHandler  exti.o
    0x08001a30   0x0000004c   Code   RO          679    i.EXTI4_IRQHandler  exti.o
    0x08001a7c   0x000000dc   Code   RO          680    i.EXTIX_Init        exti.o
    0x08001b58   0x0000000c   Code   RO         2797    i.EXTI_ClearITPendingBit  stm32f4xx_exti.o
    0x08001b64   0x00000094   Code   RO         2802    i.EXTI_Init         stm32f4xx_exti.o
    0x08001bf8   0x00000034   Code   RO         2676    i.FSMC_NORSRAMCmd   stm32f4xx_fsmc.o
    0x08001c2c   0x000000e6   Code   RO         2678    i.FSMC_NORSRAMInit  stm32f4xx_fsmc.o
    0x08001d12   0x00000090   Code   RO          942    i.GPIO_Init         stm32f4xx_gpio.o
    0x08001da2   0x00000046   Code   RO          943    i.GPIO_PinAFConfig  stm32f4xx_gpio.o
    0x08001de8   0x00000012   Code   RO          946    i.GPIO_ReadInputDataBit  stm32f4xx_gpio.o
    0x08001dfa   0x00000004   Code   RO          191    i.HardFault_Handler  stm32f4xx_it.o
    0x08001dfe   0x00000002   PAD
    0x08001e00   0x00000044   Code   RO          716    i.KEY_Init          key.o
    0x08001e44   0x0000001c   Code   RO          633    i.LCDGUI_Init       gui.o
    0x08001e60   0x0000006c   Code   RO          392    i.LCD_Clear         lcd.o
    0x08001ecc   0x000001c0   Code   RO          396    i.LCD_Display_Dir   lcd.o
    0x0800208c   0x000000b0   Code   RO          397    i.LCD_DrawLine      lcd.o
    0x0800213c   0x00000034   Code   RO          398    i.LCD_DrawLine_Color  lcd.o
    0x08002170   0x00000024   Code   RO          399    i.LCD_DrawPoint     lcd.o
    0x08002194   0x00003970   Code   RO          404    i.LCD_Init          lcd.o
    0x08005b04   0x00000014   Code   RO          406    i.LCD_RD_DATA       lcd.o
    0x08005b18   0x00000016   Code   RO          408    i.LCD_ReadReg       lcd.o
    0x08005b2e   0x00000002   PAD
    0x08005b30   0x00000060   Code   RO          409    i.LCD_SSD_BackLightSet  lcd.o
    0x08005b90   0x000002ec   Code   RO          410    i.LCD_Scan_Dir      lcd.o
    0x08005e7c   0x000001a8   Code   RO          411    i.LCD_SetCursor     lcd.o
    0x08006024   0x00000018   Code   RO          420    i.LCD_WR_DATA       lcd.o
    0x0800603c   0x00000018   Code   RO          421    i.LCD_WR_REG        lcd.o
    0x08006054   0x00000014   Code   RO          423    i.LCD_WriteRAM_Prepare  lcd.o
    0x08006068   0x00000014   Code   RO          424    i.LCD_WriteReg      lcd.o
    0x0800607c   0x0000001a   Code   RO          634    i.LCD_clcwave       gui.o
    0x08006096   0x00000002   PAD
    0x08006098   0x0000002c   Code   RO          635    i.LCD_plotgrid      gui.o
    0x080060c4   0x00000078   Code   RO          636    i.LCD_plotwave      gui.o
    0x0800613c   0x00000078   Code   RO          637    i.LCD_plotzhou      gui.o
    0x080061b4   0x00000004   Code   RO          192    i.MemManage_Handler  stm32f4xx_it.o
    0x080061b8   0x00000002   Code   RO          193    i.NMI_Handler       stm32f4xx_it.o
    0x080061ba   0x00000002   PAD
    0x080061bc   0x00000078   Code   RO          897    i.NVIC_Init         misc.o
    0x08006234   0x00000014   Code   RO          898    i.NVIC_PriorityGroupConfig  misc.o
    0x08006248   0x00000002   Code   RO          194    i.PendSV_Handler    stm32f4xx_it.o
    0x0800624a   0x00000002   PAD
    0x0800624c   0x00000020   Code   RO         1039    i.RCC_AHB1PeriphClockCmd  stm32f4xx_rcc.o
    0x0800626c   0x00000020   Code   RO         1045    i.RCC_AHB3PeriphClockCmd  stm32f4xx_rcc.o
    0x0800628c   0x00000020   Code   RO         1048    i.RCC_APB1PeriphClockCmd  stm32f4xx_rcc.o
    0x080062ac   0x00000020   Code   RO         1050    i.RCC_APB1PeriphResetCmd  stm32f4xx_rcc.o
    0x080062cc   0x00000020   Code   RO         1051    i.RCC_APB2PeriphClockCmd  stm32f4xx_rcc.o
    0x080062ec   0x00000020   Code   RO         1053    i.RCC_APB2PeriphResetCmd  stm32f4xx_rcc.o
    0x0800630c   0x000000e8   Code   RO         1060    i.RCC_GetClocksFreq  stm32f4xx_rcc.o
    0x080063f4   0x00000002   Code   RO          195    i.SVC_Handler       stm32f4xx_it.o
    0x080063f6   0x00000002   PAD
    0x080063f8   0x00000040   Code   RO         1376    i.SYSCFG_EXTILineConfig  stm32f4xx_syscfg.o
    0x08006438   0x000000ec   Code   RO          286    i.SetSysClock       system_stm32f4xx.o
    0x08006524   0x00000028   Code   RO          901    i.SysTick_CLKSourceConfig  misc.o
    0x0800654c   0x00000002   Code   RO          196    i.SysTick_Handler   stm32f4xx_it.o
    0x0800654e   0x00000002   PAD
    0x08006550   0x00000068   Code   RO          288    i.SystemInit        system_stm32f4xx.o
    0x080065b8   0x00000018   Code   RO         2003    i.TIM_Cmd           stm32f4xx_tim.o
    0x080065d0   0x00000190   Code   RO         2008    i.TIM_DeInit        stm32f4xx_tim.o
    0x08006760   0x00000012   Code   RO         2061    i.TIM_SelectOutputTrigger  stm32f4xx_tim.o
    0x08006772   0x00000002   PAD
    0x08006774   0x00000084   Code   RO         2075    i.TIM_TimeBaseInit  stm32f4xx_tim.o
    0x080067f8   0x00000012   Code   RO         2076    i.TIM_TimeBaseStructInit  stm32f4xx_tim.o
    0x0800680a   0x00000002   PAD
    0x0800680c   0x00000088   Code   RO          841    i.USART1_IRQHandler  usart.o
    0x08006894   0x00000018   Code   RO         1433    i.USART_Cmd         stm32f4xx_usart.o
    0x080068ac   0x00000054   Code   RO         1437    i.USART_GetITStatus  stm32f4xx_usart.o
    0x08006900   0x0000004a   Code   RO         1439    i.USART_ITConfig    stm32f4xx_usart.o
    0x0800694a   0x00000002   PAD
    0x0800694c   0x000000d4   Code   RO         1440    i.USART_Init        stm32f4xx_usart.o
    0x08006a20   0x0000000a   Code   RO         1447    i.USART_ReceiveData  stm32f4xx_usart.o
    0x08006a2a   0x00000004   Code   RO          197    i.UsageFault_Handler  stm32f4xx_it.o
    0x08006a2e   0x00000002   PAD
    0x08006a30   0x00000020   Code   RO         3203    i.__0printf$5       mc_w.l(printf5.o)
    0x08006a50   0x0000000e   Code   RO         3380    i.__scatterload_copy  mc_w.l(handlers.o)
    0x08006a5e   0x00000002   Code   RO         3381    i.__scatterload_null  mc_w.l(handlers.o)
    0x08006a60   0x0000000e   Code   RO         3382    i.__scatterload_zeroinit  mc_w.l(handlers.o)
    0x08006a6e   0x00000002   PAD
    0x08006a70   0x000002c0   Code   RO         3210    i._printf_core      mc_w.l(printf5.o)
    0x08006d30   0x0000003c   Code   RO          783    i.delay_init        delay.o
    0x08006d6c   0x00000038   Code   RO          784    i.delay_ms          delay.o
    0x08006da4   0x0000004c   Code   RO          785    i.delay_us          delay.o
    0x08006df0   0x0000004c   Code   RO          786    i.delay_xms         delay.o
    0x08006e3c   0x00000060   Code   RO          743    i.fft_1024          fft.o
    0x08006e9c   0x00000044   Code   RO          744    i.findmax           fft.o
    0x08006ee0   0x0000001c   Code   RO          843    i.fputc             usart.o
    0x08006efc   0x000002e8   Code   RO          745    i.ifft_fliter_1024  fft.o
    0x080071e4   0x000000a8   Code   RO            3    i.main              main.o
    0x0800728c   0x000000ac   Code   RO          844    i.uart_init         usart.o
    0x08007338   0x00000800   Data   RO         2984    .constdata          arm_cortexM4lf_math.lib(arm_common_tables.o)
    0x08007b38   0x00008000   Data   RO         2993    .constdata          arm_cortexM4lf_math.lib(arm_common_tables.o)
    0x0800fb38   0x00000020   Data   RO         3378    Region$$Table       anon$$obj.o


    Execution Region RW_IRAM1 (Base: 0x20000000, Size: 0x00008700, Max: 0x00020000, ABSOLUTE, COMPRESSED[0x000001b0])

    Base Addr    Size         Type   Attr      Idx    E Section Name        Object

    0x20000000   0x00000202   Data   RW            5    .data               main.o
    0x20000202   0x00000004   Data   RW          428    .data               lcd.o
    0x20000206   0x00000004   Data   RW          787    .data               delay.o
    0x2000020a   0x00000002   PAD
    0x2000020c   0x00000006   Data   RW          846    .data               usart.o
    0x20000212   0x00000010   Data   RW         1092    .data               stm32f4xx_rcc.o
    0x20000222   0x00000002   PAD
    0x20000224   0x00008000   Zero   RW            4    .bss                main.o
    0x20008224   0x0000000e   Zero   RW          426    .bss                lcd.o
    0x20008232   0x000000c8   Zero   RW          845    .bss                usart.o
    0x200082fa   0x00000006   PAD
    0x20008300   0x00000400   Zero   RW          888    STACK               startup_stm32f40_41xxx.o


==============================================================================

Image component sizes


      Code (inc. data)   RO Data    RW Data    ZI Data      Debug   Object Name

       740         72          0          0          0       1681   adc.o
       256         22          0          0          0        768   dac.o
       268         16          0          4          0       2483   delay.o
       404         34          0          0          0       2266   exti.o
       908         32          0          0          0       2852   fft.o
       338         28          0          0          0       3197   gui.o
        68          8          0          0          0        539   key.o
     16922        184          0          4         14      20218   lcd.o
       168         20          0        514      32768     338342   main.o
       180         24          0          0          0       2081   misc.o
        36          8        392          0       1024        828   startup_stm32f40_41xxx.o
       382         24          0          0          0       4943   stm32f4xx_adc.o
       180         24          0          0          0       3537   stm32f4xx_dac.o
       764         58          0          0          0       7528   stm32f4xx_dma.o
       160         12          0          0          0       1493   stm32f4xx_exti.o
       282          6          0          0          0       1825   stm32f4xx_fsmc.o
       232          0          0          0          0       2387   stm32f4xx_gpio.o
        26          0          0          0          0       4070   stm32f4xx_it.o
       424         54          0         16          0       6402   stm32f4xx_rcc.o
        64          4          0          0          0        656   stm32f4xx_syscfg.o
       592         82          0          0          0       3697   stm32f4xx_tim.o
       404          8          0          0          0       4210   stm32f4xx_usart.o
       340         32          0          0          0       1473   system_stm32f4xx.o
       336         28          0          6        200       3768   usart.o

    ----------------------------------------------------------------------
     24508        780        424        548      34012     421244   Object Totals
         0          0         32          0          0          0   (incl. Generated)
        34          0          0          4          6          0   (incl. Padding)

    ----------------------------------------------------------------------

      Code (inc. data)   RO Data    RW Data    ZI Data      Debug   Library Member Name

       470          0          0          0          0       3046   arm_bitreversal.o
      1696          0          0          0          0      18824   arm_cfft_radix4_f32.o
       192         46          0          0          0        947   arm_cfft_radix4_init_f32.o
       252          6          0          0          0      17652   arm_cmplx_mag_f32.o
         0          0      34816          0          0       4704   arm_common_tables.o
        86          0          0          0          0          0   __dczerorl2.o
         0          0          0          0          0          0   entry.o
         0          0          0          0          0          0   entry10a.o
         0          0          0          0          0          0   entry11a.o
         8          4          0          0          0          0   entry2.o
         4          0          0          0          0          0   entry5.o
         0          0          0          0          0          0   entry7b.o
         0          0          0          0          0          0   entry8b.o
         8          4          0          0          0          0   entry9a.o
        30          0          0          0          0          0   handlers.o
        36          8          0          0          0         68   init.o
         0          0          0          0          0          0   iusefp.o
        30          0          0          0          0         68   llshl.o
        32          0          0          0          0         68   llushr.o
        36          0          0          0          0         68   memcpya.o
       736         56          0          0          0        184   printf5.o
        98          0          0          0          0         92   uldiv.o
        56          0          0          0          0         88   d2f.o
       222          0          0          0          0        100   ddiv.o
       186          0          0          0          0        176   depilogue.o
        50          0          0          0          0         76   dfixui.o
        26          0          0          0          0         76   dfltui.o
       228          0          0          0          0         96   dmul.o
       110          0          0          0          0        168   fepilogue.o

    ----------------------------------------------------------------------
      4596        124      34816          0          0      46501   Library Totals
         4          0          0          0          0          0   (incl. Padding)

    ----------------------------------------------------------------------

      Code (inc. data)   RO Data    RW Data    ZI Data      Debug   Library Name

      2610         52      34816          0          0      45173   arm_cortexM4lf_math.lib
      1104         72          0          0          0        548   mc_w.l
       878          0          0          0          0        780   mf_w.l

    ----------------------------------------------------------------------
      4596        124      34816          0          0      46501   Library Totals

    ----------------------------------------------------------------------

==============================================================================


      Code (inc. data)   RO Data    RW Data    ZI Data      Debug   

     29104        904      35240        548      34012     457905   Grand Totals
     29104        904      35240        432      34012     457905   ELF Image Totals (compressed)
     29104        904      35240        432          0          0   ROM Totals

==============================================================================

    Total RO  Size (Code + RO Data)                64344 (  62.84kB)
    Total RW  Size (RW Data + ZI Data)             34560 (  33.75kB)
    Total ROM Size (Code + RO Data + RW Data)      64776 (  63.26kB)

==============================================================================

